Return-Path: <kasan-dev+bncBDN7L7O25EIBBAXIXWMAMGQEAUCHOKQ@googlegroups.com>
X-Original-To: lists+kasan-dev@lfdr.de
Delivered-To: lists+kasan-dev@lfdr.de
Received: from mail-lj1-x23e.google.com (mail-lj1-x23e.google.com [IPv6:2a00:1450:4864:20::23e])
	by mail.lfdr.de (Postfix) with ESMTPS id 642405A8082
	for <lists+kasan-dev@lfdr.de>; Wed, 31 Aug 2022 16:45:23 +0200 (CEST)
Received: by mail-lj1-x23e.google.com with SMTP id m1-20020a2eb6c1000000b00261e5aa37fesf4094849ljo.6
        for <lists+kasan-dev@lfdr.de>; Wed, 31 Aug 2022 07:45:23 -0700 (PDT)
DKIM-Signature: v=1; a=rsa-sha256; c=relaxed/relaxed;
        d=googlegroups.com; s=20210112;
        h=list-unsubscribe:list-subscribe:list-archive:list-help:list-post
         :list-id:mailing-list:precedence:x-original-authentication-results
         :x-original-sender:mime-version:in-reply-to:content-disposition
         :references:message-id:subject:cc:to:from:date:sender:from:to:cc;
        bh=c1CmXxmySOwcp34LcUMCwIfnW6ZeolJcw5OL+YBvfjk=;
        b=WdtY3Zck8q3kB0RQrOMiLy708rgfsb6bj7+ftI6PIp1rBJ6kX42uWkq+4zqag897SN
         6jzHgWEfygp9JdSee3ySyDmVtkk9ez5UBzj9dMtyz/hAgQS/K9myzL5usJJERIY4/tQ6
         YAaZnMSVn5L2rrb2Gq1I1mJrvB/f1Oh9njnvr+Fx/pv1rmxYwcFaV5r2tCCl1M1QY1+u
         zwzEUw2iK+KqIXrleI0pnTVF7CNwMjeJIWKe/1qMawtVxEXxJE6f7DyeJQUaIy3Rdw9z
         kejccxWNNqkHvcKXFVaclNLp+cMK2fGExRYjyRQUTlv2vX4vY1vHYOvU30ts1P3FgA66
         kBIA==
X-Google-DKIM-Signature: v=1; a=rsa-sha256; c=relaxed/relaxed;
        d=1e100.net; s=20210112;
        h=list-unsubscribe:list-subscribe:list-archive:list-help:list-post
         :x-spam-checked-in-group:list-id:mailing-list:precedence
         :x-original-authentication-results:x-original-sender:mime-version
         :in-reply-to:content-disposition:references:message-id:subject:cc:to
         :from:date:x-gm-message-state:sender:from:to:cc;
        bh=c1CmXxmySOwcp34LcUMCwIfnW6ZeolJcw5OL+YBvfjk=;
        b=1+miqDSKa6mRCmB5eNotKKV5H3bdgZGIuEjIv78rNVYXRdx6j/clpVtnLN3DQfRWFP
         2ng4NqnzUhWhAY4mS/UUisndk/V84v4AmLvOKjMIeESf7lXkOQoZm6c78G74D6NIgWfO
         nd64N8K0RVAXRf95MTBcyNJWccxM+EVjvLbgMogBRzAUfhX+EUrAG4utOa2O5ASNfwiU
         Ic+ZKtmHUlIR+fSQptQfvMWopTlDG9sqbSo9NnSNUHoxma2vUfztmXePm/vaBUd46Kf9
         4h32+uY5g4z8bJBfdoKqdCBHBeTKuUE0WIm9TeY+f2vvYDvkSWAt8P/4gp5nTaBGkNWF
         PUrg==
Sender: kasan-dev@googlegroups.com
X-Gm-Message-State: ACgBeo3bhU3id14zmMRTkQsOCdCkcJWgeEJbmuH2U5M5grXGNU/BYF78
	AOy4+e2aHuYpEYYWX4NDalc=
X-Google-Smtp-Source: AA6agR6FM+Frj2bF4Ml9js7gYi77C4K3XkqzXlp32QUTHx92WvO/zK9p/R3pun6/wzIb+Uy166NPPA==
X-Received: by 2002:a05:6512:1598:b0:494:716d:34e5 with SMTP id bp24-20020a056512159800b00494716d34e5mr3781453lfb.366.1661957122616;
        Wed, 31 Aug 2022 07:45:22 -0700 (PDT)
X-BeenThere: kasan-dev@googlegroups.com
Received: by 2002:a05:6512:3587:b0:494:799f:170 with SMTP id
 m7-20020a056512358700b00494799f0170ls3704954lfr.0.-pod-prod-gmail; Wed, 31
 Aug 2022 07:45:21 -0700 (PDT)
X-Received: by 2002:a05:6512:15aa:b0:494:7a2a:cc1f with SMTP id bp42-20020a05651215aa00b004947a2acc1fmr2752365lfb.36.1661957121031;
        Wed, 31 Aug 2022 07:45:21 -0700 (PDT)
Received: from mga14.intel.com (mga14.intel.com. [192.55.52.115])
        by gmr-mx.google.com with ESMTPS id w18-20020a05651234d200b00492d8e5069csi13729lfr.9.2022.08.31.07.45.18
        for <kasan-dev@googlegroups.com>
        (version=TLS1_2 cipher=ECDHE-ECDSA-AES128-GCM-SHA256 bits=128/128);
        Wed, 31 Aug 2022 07:45:20 -0700 (PDT)
Received-SPF: pass (google.com: domain of feng.tang@intel.com designates 192.55.52.115 as permitted sender) client-ip=192.55.52.115;
X-IronPort-AV: E=McAfee;i="6500,9779,10456"; a="295465793"
X-IronPort-AV: E=Sophos;i="5.93,278,1654585200"; 
   d="log'?scan'208";a="295465793"
Received: from orsmga006.jf.intel.com ([10.7.209.51])
  by fmsmga103.fm.intel.com with ESMTP/TLS/ECDHE-RSA-AES256-GCM-SHA384; 31 Aug 2022 07:44:59 -0700
X-ExtLoop1: 1
X-IronPort-AV: E=Sophos;i="5.93,278,1654585200"; 
   d="log'?scan'208";a="589053905"
Received: from fmsmsx601.amr.corp.intel.com ([10.18.126.81])
  by orsmga006.jf.intel.com with ESMTP; 31 Aug 2022 07:44:58 -0700
Received: from fmsmsx612.amr.corp.intel.com (10.18.126.92) by
 fmsmsx601.amr.corp.intel.com (10.18.126.81) with Microsoft SMTP Server
 (version=TLS1_2, cipher=TLS_ECDHE_RSA_WITH_AES_128_GCM_SHA256) id
 15.1.2375.31; Wed, 31 Aug 2022 07:44:58 -0700
Received: from fmsmsx607.amr.corp.intel.com (10.18.126.87) by
 fmsmsx612.amr.corp.intel.com (10.18.126.92) with Microsoft SMTP Server
 (version=TLS1_2, cipher=TLS_ECDHE_RSA_WITH_AES_128_GCM_SHA256) id
 15.1.2375.31; Wed, 31 Aug 2022 07:44:57 -0700
Received: from fmsedg602.ED.cps.intel.com (10.1.192.136) by
 fmsmsx607.amr.corp.intel.com (10.18.126.87) with Microsoft SMTP Server
 (version=TLS1_2, cipher=TLS_ECDHE_RSA_WITH_AES_128_GCM_SHA256) id
 15.1.2375.31 via Frontend Transport; Wed, 31 Aug 2022 07:44:57 -0700
Received: from NAM11-BN8-obe.outbound.protection.outlook.com (104.47.58.169)
 by edgegateway.intel.com (192.55.55.71) with Microsoft SMTP Server
 (version=TLS1_2, cipher=TLS_ECDHE_RSA_WITH_AES_256_GCM_SHA384) id
 15.1.2375.31; Wed, 31 Aug 2022 07:44:56 -0700
ARC-Seal: i=1; a=rsa-sha256; s=arcselector9901; d=microsoft.com; cv=none;
 b=Rn6qS6HELK9HUdqTTxtSDN03Gc/IZsmWwcJsTqr8gqKolTSmd12+J4CQ/QHZJ5VL+Z64QaAABo/YSwDfhwGfqOwNujRFrAkmv9EZjSLD/tnDZDWCkYi7PJBp4YcrkkmSGYZNvkL6l7LhZhEhKuGPAlp5Jx+dzR3jWAFwJzqo9mwS12RqNByajte1SaUTeZYT8EiMDZS4doC1zbdImvUrM7ymNfyMjnTKmCZkc2wAxqyHDUCY+qoBC/mI6aWN1VwtU3LA/WfCWwyoRc4o8RRXEQm/GJCuasvDWT8mGnZx9lx1vLfK9giQU9tuw1v6d274aWwBUc5ax4gN02FVgQ26YA==
ARC-Message-Signature: i=1; a=rsa-sha256; c=relaxed/relaxed; d=microsoft.com;
 s=arcselector9901;
 h=From:Date:Subject:Message-ID:Content-Type:MIME-Version:X-MS-Exchange-AntiSpam-MessageData-ChunkCount:X-MS-Exchange-AntiSpam-MessageData-0:X-MS-Exchange-AntiSpam-MessageData-1;
 bh=KgI1tg2Dfpsyyys6j6ektXvLdBwV2HgQ0TPHEeHS3g8=;
 b=M8S+OsO+DOV4Eml63mtSejAMjAo/yCSP1b+lLLHnoFKYEcEkKuXUCLWBIUM3f8hJvHhFC/hwlVKM3gjrX3YM8ijNZXx5ODKdKW1U8NKmkMuPfJmhNZ6JulJQSNQdYMi1qIPunSvBgbI4BvpD8P/hqBsSiwtvbtxIzKE75JahDBo+uVlPuxcupH7vpnTO4gUzIHt4WlWaByz5oYcbF116YXg3eDyczLyZGEO54A0unQBNnst4Fu1HDdZMglXNEiPaHuFnif25QVqP3jk5ARZbQHzXEYzwAq9h0/awskFr/F+uv+LwQhO8rjw877ECxtC1v8KQSoLOkp3F8a2oq49EuQ==
ARC-Authentication-Results: i=1; mx.microsoft.com 1; spf=pass
 smtp.mailfrom=intel.com; dmarc=pass action=none header.from=intel.com;
 dkim=pass header.d=intel.com; arc=none
Received: from MN0PR11MB6304.namprd11.prod.outlook.com (2603:10b6:208:3c0::7)
 by DM5PR11MB1708.namprd11.prod.outlook.com (2603:10b6:3:d::16) with Microsoft
 SMTP Server (version=TLS1_2, cipher=TLS_ECDHE_RSA_WITH_AES_256_GCM_SHA384) id
 15.20.5588.10; Wed, 31 Aug 2022 14:44:53 +0000
Received: from MN0PR11MB6304.namprd11.prod.outlook.com
 ([fe80::d446:1cb8:3071:f4e8]) by MN0PR11MB6304.namprd11.prod.outlook.com
 ([fe80::d446:1cb8:3071:f4e8%5]) with mapi id 15.20.5588.010; Wed, 31 Aug 2022
 14:44:53 +0000
Date: Wed, 31 Aug 2022 22:44:11 +0800
From: Feng Tang <feng.tang@intel.com>
To: Hyeonggon Yoo <42.hyeyoo@gmail.com>
CC: Andrew Morton <akpm@linux-foundation.org>, Alexander Potapenko
	<glider@google.com>, Marco Elver <elver@google.com>, Dmitry Vyukov
	<dvyukov@google.com>, Vlastimil Babka <vbabka@suse.cz>,
	"kasan-dev@googlegroups.com" <kasan-dev@googlegroups.com>,
	"linux-mm@kvack.org" <linux-mm@kvack.org>
Subject: Re: [PATCH -next] mm: kence: add __kmem_cache_free to function skip
 list
Message-ID: <Yw9zu4RV8Z9QzYiL@feng-clx>
References: <20220831073051.3032-1-feng.tang@intel.com>
 <Yw9qeSyrdhnLOA8s@hyeyoo>
Content-Type: multipart/mixed; boundary="4uR9TydQqPng+7Dv"
Content-Disposition: inline
In-Reply-To: <Yw9qeSyrdhnLOA8s@hyeyoo>
X-ClientProxiedBy: SG2PR03CA0123.apcprd03.prod.outlook.com
 (2603:1096:4:91::27) To MN0PR11MB6304.namprd11.prod.outlook.com
 (2603:10b6:208:3c0::7)
MIME-Version: 1.0
X-MS-PublicTrafficType: Email
X-MS-Office365-Filtering-Correlation-Id: 9eaaf7ce-8772-418f-4d87-08da8b5f5cf5
X-MS-TrafficTypeDiagnostic: DM5PR11MB1708:EE_
X-MS-Exchange-SenderADCheck: 1
X-MS-Exchange-AntiSpam-Relay: 0
X-Microsoft-Antispam: BCL:0;
X-Microsoft-Antispam-Message-Info: fs9qGQXzvS6tnIrsv2HeHm+3AU5WReMxLpF+Ae9/xwamOh3rHcg7yqYi7UJ1Ty9yQnGssd+K/BZB/OOcdnErXCnpTsmbThROZQg5L9WPsQ8JF8jyaQTHRt0rg7TGYH936onb8z2oupF7IfdFgzcWeL+zspMWCCzZ+GSSDbfwg+E5bxKM5774FYrcz3AsguMc6Ic2pqfpg0Z+77xd/tfT2LnsH6ZkJYLop8szTZ0wOaYUmJre+us2aunmv7B6W9qxWe8XjeeQQuz6xow5XeLAxf0BcpZiSuoF7PGjqKqY+kkopjrg7dOCu+i88I+lelsUjttpVjVhkfXGuZ2Tmo4HvCeocJjYeRa3ixl+KsZnJSu2IKSJ4vMomcGck72g+TeC5xxLrh4+UOF3quCvVhuQILiWFmajGpC6f61xPeuLl7mt0367LH+Hwc2NqieQgLXPtL+cbmSsKFwFHjJ8w5lz+gj/mF10DhWNe26CAWVbGtuF7ZlUisIGxSVvxnDbxmV+F3XiC/iEeelbXEQ4JulrFNAj9VTCfmL1kOoJG5TV0gHzs/pl6UzEnXiltsgnem3hZvexgprOGmnrJuiHnmez6PseVSmQ7fWVmWYnXEt8CUkm+K72nN8+7yQDNLujRfx7Vl5bBfQZdsBizc0nNPuVGPajVXxCGUDEaWaAaLXXzJlVtXW851dHqxSa6zyNxbSnPZwtv9tyiBc1bk9SgUdoWLM7vKOTmvmvI2DYP98IDjYmcGV4UjYxHazClMZoorr34taza2R0Ngi80eexQICUYw==
X-Forefront-Antispam-Report: CIP:255.255.255.255;CTRY:;LANG:en;SCL:1;SRV:;IPV:NLI;SFV:NSPM;H:MN0PR11MB6304.namprd11.prod.outlook.com;PTR:;CAT:NONE;SFS:(13230016)(7916004)(376002)(346002)(39860400002)(366004)(136003)(396003)(6666004)(41300700001)(5660300002)(235185007)(44832011)(33716001)(86362001)(186003)(9686003)(6512007)(8936002)(26005)(6506007)(44144004)(316002)(2906002)(6916009)(54906003)(21480400003)(82960400001)(478600001)(38100700002)(66556008)(66476007)(6486002)(66946007)(8676002)(4326008)(2700100001);DIR:OUT;SFP:1102;
X-MS-Exchange-AntiSpam-MessageData-ChunkCount: 1
X-MS-Exchange-AntiSpam-MessageData-0: =?us-ascii?Q?VMnwsKoxtqQz6HlUotLVpSKthmo5JmplNpkIUfUlJy7KYrHbDsDLLl8aJOyT?=
 =?us-ascii?Q?r/PKma9pbgySg7dDgk15rWhyahsKVthuFmCPeZ/x6VKNdOp9Nj78r7v9QB95?=
 =?us-ascii?Q?/h1p0vrWCg+CAk5Xmr3UosV8wJD185ZR2oboB4Hembpxwv2uUwOnWzmmn+w7?=
 =?us-ascii?Q?5PuIUKlKjI7WSrRMPpf7SKx7eT4Nn+BswXd+Z1wS4+Hh8dWy8Yyd0Vh2Y19m?=
 =?us-ascii?Q?mN3Qa/g/tnY+RzUVCawElgU1rrYVjYhBq6sJrBMCPH+vA/X4Gz8cALe8zcxT?=
 =?us-ascii?Q?GQ8BXrPf6L3eaGkVdQZuYvwsXCk+H7XUSo/5SqpJDU7nDhGjuTdbZCWfz8SG?=
 =?us-ascii?Q?8FKWYDTebbdzTinJpLbqaKyW/BHDyp8BcNGVFjULycXSRHI848GYlgvW70Ia?=
 =?us-ascii?Q?gO589+EqdUXqJidW87IKY1pTBnhc7mF/pHlUas9pohFBz2+muKOSvmAw0Pv4?=
 =?us-ascii?Q?VKLseGvdDJAsX6O9ufxlkthEo/mCVSeGk8svdi6ppn8MmRSpA2ykXJR3UPtW?=
 =?us-ascii?Q?O9B46K4PoK31FSeRwxNYk82dbKR7GNEnuItErVgqK+/GX24NtknL3N4s7hx6?=
 =?us-ascii?Q?sHFHyoUQkTL+gNgdun04y60HhqAtakXDwQoeProR26iYC1wC97QAHR6JyyNj?=
 =?us-ascii?Q?CZjdVvLg50rnPw06gLhqCGz/WbiOwpUwBii33t5F+m2fjDjgd3lP+l70SiQG?=
 =?us-ascii?Q?gWoSYF40sXD8+ZrTHKuhObBmiV8EQxaL6jr0rCXnNMV2jnGEltseI40V2gVU?=
 =?us-ascii?Q?fSRso0eLqNZkuUmszdozk+VwFk4EWRJXSW+dha+avLbworACpRmSAAyiqd7y?=
 =?us-ascii?Q?BH1n6Lzl0FUWSmt+9CQ07uuU++IVOUDhAuJA41+2l32E054bQvuRg6rdfeY7?=
 =?us-ascii?Q?TU9l2MSKEFT0/J4Gp5cjqW8BgLZT03s2Uv/i+NGc83GcAnGgGbyvDErnNc+w?=
 =?us-ascii?Q?6SDJbhCbx+eQJgoVxNap++X4+SD6nBdtMyF0tdP1IETqCY7IBxb1tcr7t452?=
 =?us-ascii?Q?MUN7delNvtBmNeEUWRthAhaa9L52Cex8DNJEPiPKOYdXPzF2xgutT9G7a+L3?=
 =?us-ascii?Q?FpfkCdv8adENom2agirErUaBxGfGJKtsvRrFi1oHVNbfe91uPc+4fkQV9ToW?=
 =?us-ascii?Q?pudUXn10ujUvXk5C8OZQcc5fRQVFum4/J3cM8I5fure6460Ht1jMVT30RJtq?=
 =?us-ascii?Q?t2SYslMh5RLYQxjCeEacREUvSOVMvcSmyXmULM36SX40phtu4o1rgYu9xt8p?=
 =?us-ascii?Q?xiViDEGVMkrqXoKREs6YTC0BXah4id9YFdkG4NUGrjZ3FO++Qa+TuHj4teLi?=
 =?us-ascii?Q?LGQGqR2cw55jYHrIJwVgF5UKGOzbKCPQm6AEQKUI2bqhTrWjQOY/ZAIzoUGk?=
 =?us-ascii?Q?SshbpAfO/IGVLBJE7q+nBdIH0CakDsvLHVWX6JE67D62Td9Q5HMGSua+623D?=
 =?us-ascii?Q?u8XqXoCv1Xc/n5Q1q+qSjc+Ey+cZQooqi09WnaL5IsV5x0umYvodKqQzxiaq?=
 =?us-ascii?Q?E7r6UW5/r2APuznP5ogiFBlVhktkf25bbX1YI6SNlMmAR5yNTrtOE5AgD59Q?=
 =?us-ascii?Q?Xq9Nv8Uyih2aK64RF0OKZ7+Q2esaLqh4dIjimRx9?=
X-MS-Exchange-CrossTenant-Network-Message-Id: 9eaaf7ce-8772-418f-4d87-08da8b5f5cf5
X-MS-Exchange-CrossTenant-AuthSource: MN0PR11MB6304.namprd11.prod.outlook.com
X-MS-Exchange-CrossTenant-AuthAs: Internal
X-MS-Exchange-CrossTenant-OriginalArrivalTime: 31 Aug 2022 14:44:53.5677
 (UTC)
X-MS-Exchange-CrossTenant-FromEntityHeader: Hosted
X-MS-Exchange-CrossTenant-Id: 46c98d88-e344-4ed4-8496-4ed7712e255d
X-MS-Exchange-CrossTenant-MailboxType: HOSTED
X-MS-Exchange-CrossTenant-UserPrincipalName: Ddz0aDD6Jv9ynoOP33jYn5rRoBA9iYeNLwwJ5CXS6vh2iqDWvFgveyYxPLjFifxuUs22wTb7GNoXhL4MuM9IIA==
X-MS-Exchange-Transport-CrossTenantHeadersStamped: DM5PR11MB1708
X-OriginatorOrg: intel.com
X-Original-Sender: feng.tang@intel.com
X-Original-Authentication-Results: gmr-mx.google.com;       dkim=pass
 header.i=@intel.com header.s=Intel header.b=HsqNhekT;       arc=fail (body
 hash mismatch);       spf=pass (google.com: domain of feng.tang@intel.com
 designates 192.55.52.115 as permitted sender) smtp.mailfrom=feng.tang@intel.com;
       dmarc=pass (p=NONE sp=NONE dis=NONE) header.from=intel.com
Precedence: list
Mailing-list: list kasan-dev@googlegroups.com; contact kasan-dev+owners@googlegroups.com
List-ID: <kasan-dev.googlegroups.com>
X-Spam-Checked-In-Group: kasan-dev@googlegroups.com
X-Google-Group-Id: 358814495539
List-Post: <https://groups.google.com/group/kasan-dev/post>, <mailto:kasan-dev@googlegroups.com>
List-Help: <https://groups.google.com/support/>, <mailto:kasan-dev+help@googlegroups.com>
List-Archive: <https://groups.google.com/group/kasan-dev
List-Subscribe: <https://groups.google.com/group/kasan-dev/subscribe>, <mailto:kasan-dev+subscribe@googlegroups.com>
List-Unsubscribe: <mailto:googlegroups-manage+358814495539+unsubscribe@googlegroups.com>,
 <https://groups.google.com/group/kasan-dev/subscribe>

--4uR9TydQqPng+7Dv
Content-Type: text/plain; charset="UTF-8"
Content-Disposition: inline

Hi Hyeonggon,

On Wed, Aug 31, 2022 at 10:04:41PM +0800, Hyeonggon Yoo wrote:
> On Wed, Aug 31, 2022 at 03:30:51PM +0800, Feng Tang wrote:
> > When testing the linux-next kernel, kfence's kunit test reported some
> > errors:
> > 
> >   [   12.812412]     not ok 7 - test_double_free
> >   [   13.011968]     not ok 9 - test_invalid_addr_free
> >   [   13.438947]     not ok 11 - test_corruption
> >   [   18.635647]     not ok 18 - test_kmalloc_aligned_oob_write
> > 
> > Further check shows there is the "common kmalloc" patchset from
> > Hyeonggon Yoo, which cleanup the kmalloc code and make a better
> > sharing of slab/slub. There is some function name change around it,
> > which was not recognized by current kfence function name handling
> > code, and interpreted as error.
> > 
> > Add new function name "__kmem_cache_free" to make it known to kfence.
> > 
> > Signed-off-by: Feng Tang <feng.tang@intel.com>
> > ---
> >  mm/kfence/report.c | 1 +
> >  1 file changed, 1 insertion(+)
> > 
> > diff --git a/mm/kfence/report.c b/mm/kfence/report.c
> > index f5a6d8ba3e21..7e496856c2eb 100644
> > --- a/mm/kfence/report.c
> > +++ b/mm/kfence/report.c
> > @@ -86,6 +86,7 @@ static int get_stack_skipnr(const unsigned long stack_entries[], int num_entries
> >  		/* Also the *_bulk() variants by only checking prefixes. */
> >  		if (str_has_prefix(buf, ARCH_FUNC_PREFIX "kfree") ||
> >  		    str_has_prefix(buf, ARCH_FUNC_PREFIX "kmem_cache_free") ||
> > +		    str_has_prefix(buf, ARCH_FUNC_PREFIX "__kmem_cache_free") ||
> >  		    str_has_prefix(buf, ARCH_FUNC_PREFIX "__kmalloc") ||
> >  		    str_has_prefix(buf, ARCH_FUNC_PREFIX "kmem_cache_alloc"))
> >  			goto found;
> > -- 
> > 2.27.0
> > 
> 
> Thank you for catching this!
> 
> Unfortunately not reproducible on my environment with linux-next (IDK why).

Maybe it's about the kernel config, or gcc version?

The head commit of next tree I tested is at:

7fd22855300e [Stephen Rothwell] Add linux-next specific files for 20220831 Wed Aug 31 15:48:36 2022 +1000

My gcc version is: "gcc (Ubuntu 10.3.0-1ubuntu1~20.10) 10.3.0"

I also attached the kernel config and the dmesg log which has the kfence
unit text info (the kernel is boot in a qemu with debian rootfs).


> Maybe you can include those functions too?
> 
> - __kmem_cache_alloc_node
> - kmalloc_[node_]trace, kmalloc_large[_node]

Though I threw the patch out, I have to admit I know very little about kfence
internals, will leave it to kfence developers :) (I saw Macro Elver already
replied).

Thanks,
Feng


> -- 
> Thanks,
> Hyeonggon

-- 
You received this message because you are subscribed to the Google Groups "kasan-dev" group.
To unsubscribe from this group and stop receiving emails from it, send an email to kasan-dev+unsubscribe@googlegroups.com.
To view this discussion on the web visit https://groups.google.com/d/msgid/kasan-dev/Yw9zu4RV8Z9QzYiL%40feng-clx.

--4uR9TydQqPng+7Dv
Content-Type: text/plain; charset="us-ascii"
Content-Disposition: attachment; filename="linux-next-kfence-dmesg.log"

[    0.000000] Linux version 6.0.0-rc3-next-20220831-00002-g6db6c886e5af (feng@shbuild999) (gcc (Ubuntu 10.3.0-1ubuntu1~20.10) 10.3.0, GNU ld (GNU Binutils for Ubuntu) 2.35.1) #245 SMP PREEMPT_DYNAMIC Wed Aug 31 22:24:56 CST 2022
[    0.000000] Command line: root=/dev/sda debug sched_debug apic=debug ignore_loglevel sysrq_always_enabled panic=10 earlyprintk=ttyS0,115200 console=ttyS0,115200 vga=normal nokalsr nokaslr panic_on_warn apic=debug cma=0 psi=no slub_debug=UP movable_nodemask=0xc cgroup_no_v1=all systemd.unified_cgroup_hierarchy=1 rw
[    0.000000] x86/fpu: Supporting XSAVE feature 0x001: 'x87 floating point registers'
[    0.000000] x86/fpu: Supporting XSAVE feature 0x002: 'SSE registers'
[    0.000000] x86/fpu: Supporting XSAVE feature 0x004: 'AVX registers'
[    0.000000] x86/fpu: xstate_offset[2]:  576, xstate_sizes[2]:  256
[    0.000000] x86/fpu: Enabled xstate features 0x7, context size is 832 bytes, using 'standard' format.
[    0.000000] signal: max sigframe size: 1776
[    0.000000] BIOS-provided physical RAM map:
[    0.000000] BIOS-e820: [mem 0x0000000000000000-0x000000000009fbff] usable
[    0.000000] BIOS-e820: [mem 0x000000000009fc00-0x000000000009ffff] reserved
[    0.000000] BIOS-e820: [mem 0x00000000000f0000-0x00000000000fffff] reserved
[    0.000000] BIOS-e820: [mem 0x0000000000100000-0x00000000bffdefff] usable
[    0.000000] BIOS-e820: [mem 0x00000000bffdf000-0x00000000bfffffff] reserved
[    0.000000] BIOS-e820: [mem 0x00000000feffc000-0x00000000feffffff] reserved
[    0.000000] BIOS-e820: [mem 0x00000000fffc0000-0x00000000ffffffff] reserved
[    0.000000] BIOS-e820: [mem 0x0000000100000000-0x000000013fffffff] usable
[    0.000000] printk: debug: ignoring loglevel setting.
[    0.000000] printk: bootconsole [earlyser0] enabled
[    0.000000] NX (Execute Disable) protection: active
[    0.000000] SMBIOS 2.8 present.
[    0.000000] DMI: QEMU Standard PC (i440FX + PIIX, 1996), BIOS rel-1.13.0-0-gf21b5a4aeb02-prebuilt.qemu.org 04/01/2014
[    0.000000] Hypervisor detected: KVM
[    0.000000] kvm-clock: Using msrs 4b564d01 and 4b564d00
[    0.000003] kvm-clock: using sched offset of 539331094 cycles
[    0.001038] clocksource: kvm-clock: mask: 0xffffffffffffffff max_cycles: 0x1cd42e4dffb, max_idle_ns: 881590591483 ns
[    0.004267] tsc: Detected 2693.508 MHz processor
[    0.008287] e820: update [mem 0x00000000-0x00000fff] usable ==> reserved
[    0.009657] e820: remove [mem 0x000a0000-0x000fffff] usable
[    0.010753] last_pfn = 0x140000 max_arch_pfn = 0x400000000
[    0.011902] x86/PAT: Configuration [0-7]: WB  WC  UC- UC  WB  WP  UC- WT  
[    0.013255] last_pfn = 0xbffdf max_arch_pfn = 0x400000000
[    0.014327] Scan for SMP in [mem 0x00000000-0x000003ff]
[    0.015404] Scan for SMP in [mem 0x0009fc00-0x0009ffff]
[    0.016496] Scan for SMP in [mem 0x000f0000-0x000fffff]
[    0.031411] found SMP MP-table at [mem 0x000f5a60-0x000f5a6f]
[    0.032535]   mpc: f5a70-f5b84
[    0.033207] Using GB pages for direct mapping
[    0.043436] ACPI: Early table checksum verification disabled
[    0.044612] ACPI: RSDP 0x00000000000F5A20 000014 (v00 BOCHS )
[    0.045818] ACPI: RSDT 0x00000000BFFE1579 000038 (v01 BOCHS  BXPCRSDT 00000001 BXPC 00000001)
[    0.047552] ACPI: FACP 0x00000000BFFE12A1 000074 (v01 BOCHS  BXPCFACP 00000001 BXPC 00000001)
[    0.049233] ACPI: DSDT 0x00000000BFFDFD80 001521 (v01 BOCHS  BXPCDSDT 00000001 BXPC 00000001)
[    0.050935] ACPI: FACS 0x00000000BFFDFD40 000040
[    0.051850] ACPI: APIC 0x00000000BFFE1315 000090 (v01 BOCHS  BXPCAPIC 00000001 BXPC 00000001)
[    0.053518] ACPI: HPET 0x00000000BFFE13A5 000038 (v01 BOCHS  BXPCHPET 00000001 BXPC 00000001)
[    0.055183] ACPI: SRAT 0x00000000BFFE13DD 000160 (v01 BOCHS  BXPCSRAT 00000001 BXPC 00000001)
[    0.056833] ACPI: SLIT 0x00000000BFFE153D 00003C (v01 BOCHS  BXPCSLIT 00000001 BXPC 00000001)
[    0.058528] ACPI: Reserving FACP table memory at [mem 0xbffe12a1-0xbffe1314]
[    0.059892] ACPI: Reserving DSDT table memory at [mem 0xbffdfd80-0xbffe12a0]
[    0.061270] ACPI: Reserving FACS table memory at [mem 0xbffdfd40-0xbffdfd7f]
[    0.062649] ACPI: Reserving APIC table memory at [mem 0xbffe1315-0xbffe13a4]
[    0.064032] ACPI: Reserving HPET table memory at [mem 0xbffe13a5-0xbffe13dc]
[    0.065405] ACPI: Reserving SRAT table memory at [mem 0xbffe13dd-0xbffe153c]
[    0.066793] ACPI: Reserving SLIT table memory at [mem 0xbffe153d-0xbffe1578]
[    0.068346] mapped APIC to ffffffffff5fc000 (        fee00000)
[    0.069798] SRAT: PXM 0 -> APIC 0x00 -> Node 0
[    0.070683] SRAT: PXM 0 -> APIC 0x01 -> Node 0
[    0.071551] SRAT: PXM 1 -> APIC 0x02 -> Node 1
[    0.072408] SRAT: PXM 1 -> APIC 0x03 -> Node 1
[    0.073270] ACPI: SRAT: Node 0 PXM 0 [mem 0x00000000-0x0009ffff]
[    0.074440] ACPI: SRAT: Node 0 PXM 0 [mem 0x00100000-0x3fffffff]
[    0.075611] ACPI: SRAT: Node 1 PXM 1 [mem 0x40000000-0x7fffffff]
[    0.076774] ACPI: SRAT: Node 2 PXM 2 [mem 0x80000000-0xbfffffff]
[    0.077971] ACPI: SRAT: Node 3 PXM 3 [mem 0x100000000-0x13fffffff]
[    0.079238] NUMA: Initialized distance table, cnt=4
[    0.080208] NUMA: Node 0 [mem 0x00000000-0x0009ffff] + [mem 0x00100000-0x3fffffff] -> [mem 0x00000000-0x3fffffff]
[    0.082286] NODE_DATA(0) allocated [mem 0x3ffd5000-0x3fffffff]
[    0.083572] NODE_DATA(1) allocated [mem 0x7ffd5000-0x7fffffff]
[    0.084840] NODE_DATA(2) allocated [mem 0xbffb4000-0xbffdefff]
[    0.086130] NODE_DATA(3) allocated [mem 0x13ffd2000-0x13fffcfff]
[    0.088319] Zone ranges:
[    0.088839]   DMA      [mem 0x0000000000001000-0x0000000000ffffff]
[    0.090072]   DMA32    [mem 0x0000000001000000-0x00000000ffffffff]
[    0.091293]   Normal   [mem 0x0000000100000000-0x000000013fffffff]
[    0.092487]   Device   empty
[    0.093052] Movable zone start for each node
[    0.093927] Early memory node ranges
[    0.094627]   node   0: [mem 0x0000000000001000-0x000000000009efff]
[    0.095844]   node   0: [mem 0x0000000000100000-0x000000003fffffff]
[    0.097065]   node   1: [mem 0x0000000040000000-0x000000007fffffff]
[    0.098329]   node   2: [mem 0x0000000080000000-0x00000000bffdefff]
[    0.099560]   node   3: [mem 0x0000000100000000-0x000000013fffffff]
[    0.100802] Initmem setup node 0 [mem 0x0000000000001000-0x000000003fffffff]
[    0.102248] Initmem setup node 1 [mem 0x0000000040000000-0x000000007fffffff]
[    0.103619] Initmem setup node 2 [mem 0x0000000080000000-0x00000000bffdefff]
[    0.105012] Initmem setup node 3 [mem 0x0000000100000000-0x000000013fffffff]
[    0.106471] On node 0, zone DMA: 1 pages in unavailable ranges
[    0.107077] On node 0, zone DMA: 97 pages in unavailable ranges
[    0.133075] On node 3, zone Normal: 33 pages in unavailable ranges
[    0.703963] kasan: KernelAddressSanitizer initialized
[    0.706935] ACPI: PM-Timer IO Port: 0x608
[    0.707773] ACPI: LAPIC_NMI (acpi_id[0xff] dfl dfl lint[0x1])
[    0.709002] IOAPIC[0]: apic_id 0, version 17, address 0xfec00000, GSI 0-23
[    0.710359] ACPI: INT_SRC_OVR (bus 0 bus_irq 0 global_irq 2 dfl dfl)
[    0.711591] Int: type 0, pol 0, trig 0, bus 00, IRQ 00, APIC ID 0, APIC INT 02
[    0.712993] ACPI: INT_SRC_OVR (bus 0 bus_irq 5 global_irq 5 high level)
[    0.714283] Int: type 0, pol 1, trig 3, bus 00, IRQ 05, APIC ID 0, APIC INT 05
[    0.715679] ACPI: INT_SRC_OVR (bus 0 bus_irq 9 global_irq 9 high level)
[    0.716968] Int: type 0, pol 1, trig 3, bus 00, IRQ 09, APIC ID 0, APIC INT 09
[    0.718440] ACPI: INT_SRC_OVR (bus 0 bus_irq 10 global_irq 10 high level)
[    0.719779] Int: type 0, pol 1, trig 3, bus 00, IRQ 0a, APIC ID 0, APIC INT 0a
[    0.721207] ACPI: INT_SRC_OVR (bus 0 bus_irq 11 global_irq 11 high level)
[    0.722546] Int: type 0, pol 1, trig 3, bus 00, IRQ 0b, APIC ID 0, APIC INT 0b
[    0.723945] Int: type 0, pol 0, trig 0, bus 00, IRQ 01, APIC ID 0, APIC INT 01
[    0.725349] Int: type 0, pol 0, trig 0, bus 00, IRQ 03, APIC ID 0, APIC INT 03
[    0.726767] Int: type 0, pol 0, trig 0, bus 00, IRQ 04, APIC ID 0, APIC INT 04
[    0.728171] Int: type 0, pol 0, trig 0, bus 00, IRQ 06, APIC ID 0, APIC INT 06
[    0.729578] Int: type 0, pol 0, trig 0, bus 00, IRQ 07, APIC ID 0, APIC INT 07
[    0.730990] Int: type 0, pol 0, trig 0, bus 00, IRQ 08, APIC ID 0, APIC INT 08
[    0.732406] Int: type 0, pol 0, trig 0, bus 00, IRQ 0c, APIC ID 0, APIC INT 0c
[    0.733831] Int: type 0, pol 0, trig 0, bus 00, IRQ 0d, APIC ID 0, APIC INT 0d
[    0.735245] Int: type 0, pol 0, trig 0, bus 00, IRQ 0e, APIC ID 0, APIC INT 0e
[    0.736644] Int: type 0, pol 0, trig 0, bus 00, IRQ 0f, APIC ID 0, APIC INT 0f
[    0.738063] ACPI: Using ACPI (MADT) for SMP configuration information
[    0.739329] ACPI: HPET id: 0x8086a201 base: 0xfed00000
[    0.740393] TSC deadline timer available
[    0.741196] smpboot: Allowing 4 CPUs, 0 hotplug CPUs
[    0.742229] mapped IOAPIC to ffffffffff5fb000 (fec00000)
[    0.743341] kvm-guest: KVM setup pv remote TLB flush
[    0.744324] kvm-guest: setup PV sched yield
[    0.745244] PM: hibernation: Registered nosave memory: [mem 0x00000000-0x00000fff]
[    0.746744] PM: hibernation: Registered nosave memory: [mem 0x0009f000-0x0009ffff]
[    0.748214] PM: hibernation: Registered nosave memory: [mem 0x000a0000-0x000effff]
[    0.749704] PM: hibernation: Registered nosave memory: [mem 0x000f0000-0x000fffff]
[    0.751209] PM: hibernation: Registered nosave memory: [mem 0xbffdf000-0xbfffffff]
[    0.752700] PM: hibernation: Registered nosave memory: [mem 0xc0000000-0xfeffbfff]
[    0.754220] PM: hibernation: Registered nosave memory: [mem 0xfeffc000-0xfeffffff]
[    0.755705] PM: hibernation: Registered nosave memory: [mem 0xff000000-0xfffbffff]
[    0.757190] PM: hibernation: Registered nosave memory: [mem 0xfffc0000-0xffffffff]
[    0.758748] [mem 0xc0000000-0xfeffbfff] available for PCI devices
[    0.759945] Booting paravirtualized kernel on KVM
[    0.760955] clocksource: refined-jiffies: mask: 0xffffffff max_cycles: 0xffffffff, max_idle_ns: 1910969940391419 ns
[    0.781672] setup_percpu: NR_CPUS:8192 nr_cpumask_bits:4 nr_cpu_ids:4 nr_node_ids:4
[    0.786343] percpu: Embedded 76 pages/cpu s274432 r8192 d28672 u1048576
[    0.787686] pcpu-alloc: s274432 r8192 d28672 u1048576 alloc=1*2097152
[    0.788953] pcpu-alloc: [0] 0 1 [1] 2 3 
[    0.789892] kvm-guest: PV spinlocks enabled
[    0.790773] PV qspinlock hash table entries: 256 (order: 0, 4096 bytes, linear)
[    0.792322] Fallback order for Node 0: 0 2 1 3 
[    0.793280] Fallback order for Node 1: 1 3 0 2 
[    0.794250] Fallback order for Node 2: 2 0 3 1 
[    0.795191] Fallback order for Node 3: 3 1 0 2 
[    0.796136] Built 4 zonelists, mobility grouping on.  Total pages: 1031903
[    0.797533] Policy zone: Normal
[    0.798185] Kernel command line: root=/dev/sda debug sched_debug apic=debug ignore_loglevel sysrq_always_enabled panic=10 earlyprintk=ttyS0,115200 console=ttyS0,115200 vga=normal nokalsr nokaslr panic_on_warn apic=debug cma=0 psi=no slub_debug=UP movable_nodemask=0xc cgroup_no_v1=all systemd.unified_cgroup_hierarchy=1 rw
[    0.804437] sysrq: sysrq always enabled.
[    0.805390] Booting kernel: `' invalid for parameter `panic_on_warn'
[    0.806938] Unknown kernel command line parameters "sched_debug nokalsr nokaslr vga=normal psi=no movable_nodemask=0xc", will be passed to user space.
[    0.811442] mem auto-init: stack:off, heap alloc:off, heap free:off
[    0.818680] stackdepot hash table entries: 1048576 (order: 11, 8388608 bytes, linear)
[    0.820322] software IO TLB: area num 4.
[    0.980984] Memory: 584380K/4193780K available (26635K kernel code, 11211K rwdata, 9112K rodata, 3244K init, 8224K bss, 1038280K reserved, 0K cma-reserved)
[    0.983825] **********************************************************
[    0.985139] **   NOTICE NOTICE NOTICE NOTICE NOTICE NOTICE NOTICE   **
[    0.986470] **                                                      **
[    0.987781] ** This system shows unhashed kernel memory addresses   **
[    0.989093] ** via the console, logs, and other interfaces. This    **
[    0.990409] ** might reduce the security of your system.            **
[    0.991713] **                                                      **
[    0.993030] ** If you see this message and you are not debugging    **
[    0.994348] ** the kernel, report this immediately to your system   **
[    0.995664] ** administrator!                                       **
[    0.996995] **                                                      **
[    0.998351] **   NOTICE NOTICE NOTICE NOTICE NOTICE NOTICE NOTICE   **
[    0.999668] **********************************************************
[    1.006007] SLUB: HWalign=64, Order=0-3, MinObjects=0, CPUs=4, Nodes=4
[    1.007483] Kernel/User page tables isolation: enabled
[    1.008641] ftrace: allocating 54576 entries in 214 pages
[    1.037372] ftrace: allocated 214 pages with 5 groups
[    1.040441] Dynamic Preempt: full
[    1.042079] rcu: Preemptible hierarchical RCU implementation.
[    1.043251] rcu: 	RCU restricting CPUs from NR_CPUS=8192 to nr_cpu_ids=4.
[    1.044644] 	Trampoline variant of Tasks RCU enabled.
[    1.045676] 	Rude variant of Tasks RCU enabled.
[    1.046588] 	Tracing variant of Tasks RCU enabled.
[    1.047585] rcu: RCU calculated value of scheduler-enlistment delay is 100 jiffies.
[    1.049141] rcu: Adjusting geometry for rcu_fanout_leaf=16, nr_cpu_ids=4
[    1.137210] NR_IRQS: 524544, nr_irqs: 456, preallocated irqs: 16
[    1.139588] rcu: srcu_init: Setting srcu_struct sizes based on contention.
[    1.141346] kfence: initialized - using 2097152 bytes for 255 objects at 0xffff888136c00000-0xffff888136e00000
[    1.150829] Console: colour VGA+ 80x25
[    1.151652] printk: console [ttyS0] enabled
[    1.153388] printk: bootconsole [earlyser0] disabled
[    1.155749] mempolicy: Enabling automatic NUMA balancing. Configure with numa_balancing= or the kernel.numa_balancing sysctl
[    1.158085] ACPI: Core revision 20220331
[    1.160377] clocksource: hpet: mask: 0xffffffff max_cycles: 0xffffffff, max_idle_ns: 19112604467 ns
[    1.162468] APIC: Switch to symmetric I/O mode setup
[    1.163943] x2apic enabled
[    1.164951] Switched APIC routing to physical x2apic.
[    1.166048] kvm-guest: setup PV IPIs
[    1.166872] masked ExtINT on CPU#0
[    1.168960] ENABLING IO-APIC IRQs
[    1.169750] init IO_APIC IRQs
[    1.170382]  apic 0 pin 0 not connected
[    1.171268] IOAPIC[0]: Preconfigured routing entry (0-1 -> IRQ 1 Level:0 ActiveLow:0)
[    1.172958] IOAPIC[0]: Preconfigured routing entry (0-2 -> IRQ 0 Level:0 ActiveLow:0)
[    1.174648] IOAPIC[0]: Preconfigured routing entry (0-3 -> IRQ 3 Level:0 ActiveLow:0)
[    1.176306] IOAPIC[0]: Preconfigured routing entry (0-4 -> IRQ 4 Level:0 ActiveLow:0)
[    1.178010] IOAPIC[0]: Preconfigured routing entry (0-5 -> IRQ 5 Level:1 ActiveLow:0)
[    1.179698] IOAPIC[0]: Preconfigured routing entry (0-6 -> IRQ 6 Level:0 ActiveLow:0)
[    1.181359] IOAPIC[0]: Preconfigured routing entry (0-7 -> IRQ 7 Level:0 ActiveLow:0)
[    1.183058] IOAPIC[0]: Preconfigured routing entry (0-8 -> IRQ 8 Level:0 ActiveLow:0)
[    1.184741] IOAPIC[0]: Preconfigured routing entry (0-9 -> IRQ 9 Level:1 ActiveLow:0)
[    1.186415] IOAPIC[0]: Preconfigured routing entry (0-10 -> IRQ 10 Level:1 ActiveLow:0)
[    1.188130] IOAPIC[0]: Preconfigured routing entry (0-11 -> IRQ 11 Level:1 ActiveLow:0)
[    1.189882] IOAPIC[0]: Preconfigured routing entry (0-12 -> IRQ 12 Level:0 ActiveLow:0)
[    1.191590] IOAPIC[0]: Preconfigured routing entry (0-13 -> IRQ 13 Level:0 ActiveLow:0)
[    1.193276] IOAPIC[0]: Preconfigured routing entry (0-14 -> IRQ 14 Level:0 ActiveLow:0)
[    1.195044] IOAPIC[0]: Preconfigured routing entry (0-15 -> IRQ 15 Level:0 ActiveLow:0)
[    1.196686]  apic 0 pin 16 not connected
[    1.197496]  apic 0 pin 17 not connected
[    1.198303]  apic 0 pin 18 not connected
[    1.199115]  apic 0 pin 19 not connected
[    1.199930]  apic 0 pin 20 not connected
[    1.200752]  apic 0 pin 21 not connected
[    1.201566]  apic 0 pin 22 not connected
[    1.202373]  apic 0 pin 23 not connected
[    1.203325] ..TIMER: vector=0x30 apic1=0 pin1=2 apic2=-1 pin2=-1
[    1.204615] clocksource: tsc-early: mask: 0xffffffffffffffff max_cycles: 0x26d349e8249, max_idle_ns: 440795288087 ns
[    1.206809] Calibrating delay loop (skipped) preset value.. 5387.01 BogoMIPS (lpj=2693508)
[    1.207810] pid_max: default: 32768 minimum: 301
[    1.210131] LSM: Security Framework initializing
[    1.211167] Yama: becoming mindful.
[    1.212013] SELinux:  Initializing.
[    1.212812] SELinux: CONFIG_SECURITY_SELINUX_CHECKREQPROT_VALUE is non-zero.  This is deprecated and will be rejected in a future kernel release.
[    1.213810] SELinux: https://github.com/SELinuxProject/selinux-kernel/wiki/DEPRECATE-checkreqprot
[    1.221115] Dentry cache hash table entries: 524288 (order: 10, 4194304 bytes, vmalloc)
[    1.224286] Inode-cache hash table entries: 262144 (order: 9, 2097152 bytes, vmalloc)
[    1.225148] Mount-cache hash table entries: 8192 (order: 4, 65536 bytes, vmalloc)
[    1.225965] Mountpoint-cache hash table entries: 8192 (order: 4, 65536 bytes, vmalloc)
[    1.231639] Disabling cpuset control group subsystem in v1 mounts
[    1.231969] Disabling cpu control group subsystem in v1 mounts
[    1.232832] Disabling cpuacct control group subsystem in v1 mounts
[    1.233841] Disabling io control group subsystem in v1 mounts
[    1.235361] Disabling memory control group subsystem in v1 mounts
[    1.235968] Disabling devices control group subsystem in v1 mounts
[    1.236879] Disabling freezer control group subsystem in v1 mounts
[    1.237867] Disabling net_cls control group subsystem in v1 mounts
[    1.238872] Disabling perf_event control group subsystem in v1 mounts
[    1.239847] Disabling net_prio control group subsystem in v1 mounts
[    1.240970] Disabling hugetlb control group subsystem in v1 mounts
[    1.241851] Disabling pids control group subsystem in v1 mounts
[    1.242887] Disabling rdma control group subsystem in v1 mounts
[    1.245404] x86/cpu: User Mode Instruction Prevention (UMIP) activated
[    1.245995] Last level iTLB entries: 4KB 0, 2MB 0, 4MB 0
[    1.246808] Last level dTLB entries: 4KB 0, 2MB 0, 4MB 0, 1GB 0
[    1.247835] Spectre V1 : Mitigation: usercopy/swapgs barriers and __user pointer sanitization
[    1.248819] Spectre V2 : Mitigation: Retpolines
[    1.249808] Spectre V2 : Spectre v2 / SpectreRSB mitigation: Filling RSB on context switch
[    1.250816] Spectre V2 : Spectre v2 / SpectreRSB : Filling RSB on VMEXIT
[    1.251808] Speculative Store Bypass: Vulnerable
[    1.252829] MDS: Vulnerable: Clear CPU buffers attempted, no microcode
[    1.253808] MMIO Stale Data: Unknown: No mitigations
[    1.306764] Freeing SMP alternatives memory: 48K
[    1.309040] smpboot: CPU0: Intel(R) Xeon(R) CPU E5-2680 0 @ 2.70GHz (family: 0x6, model: 0x2d, stepping: 0x7)
[    1.312655] cblist_init_generic: Setting adjustable number of callback queues.
[    1.312809] cblist_init_generic: Setting shift to 2 and lim to 1.
[    1.314066] cblist_init_generic: Setting shift to 2 and lim to 1.
[    1.315103] cblist_init_generic: Setting shift to 2 and lim to 1.
[    1.316083] Performance Events: SandyBridge events, full-width counters, Intel PMU driver.
[    1.316821] ... version:                2
[    1.317658] ... bit width:              48
[    1.317811] ... generic registers:      4
[    1.318680] ... value mask:             0000ffffffffffff
[    1.318811] ... max period:             00007fffffffffff
[    1.319820] ... fixed-purpose events:   3
[    1.320636] ... event mask:             000000070000000f
[    1.321718] rcu: Hierarchical SRCU implementation.
[    1.321810] rcu: 	Max phase no-delay instances is 400.
[    1.329606] smp: Bringing up secondary CPUs ...
[    1.331629] x86: Booting SMP configuration:
[    1.331821] .... node  #0, CPUs:      #1
[    0.060799] masked ExtINT on CPU#1
[    0.060799] smpboot: CPU 1 Converting physical 0 to logical die 1

[    1.337812] .... node  #1, CPUs:   #2
[    0.060799] masked ExtINT on CPU#2
[    0.060799] smpboot: CPU 2 Converting physical 0 to logical die 2
[    1.344039]  #3
[    0.060799] masked ExtINT on CPU#3
[    0.060799] smpboot: CPU 3 Converting physical 0 to logical die 3
[    1.347914] smp: Brought up 4 nodes, 4 CPUs
[    1.348826] smpboot: Max logical packages: 4
[    1.349707] smpboot: Total of 4 processors activated (21548.06 BogoMIPS)
[    1.357446] node 0 deferred pages initialised in 4ms
[    1.376022] node 1 deferred pages initialised in 21ms
[    1.388730] node 2 deferred pages initialised in 33ms
[    1.390457] node 3 deferred pages initialised in 32ms
[    1.392112] devtmpfs: initialized
[    1.394446] x86/mm: Memory block size: 128MB
[    1.423600] clocksource: jiffies: mask: 0xffffffff max_cycles: 0xffffffff, max_idle_ns: 1911260446275000 ns
[    1.425902] futex hash table entries: 1024 (order: 4, 65536 bytes, vmalloc)
[    1.427833] pinctrl core: initialized pinctrl subsystem
[    1.442118] NET: Registered PF_NETLINK/PF_ROUTE protocol family
[    1.446100] DMA: preallocated 512 KiB GFP_KERNEL pool for atomic allocations
[    1.447944] DMA: preallocated 512 KiB GFP_KERNEL|GFP_DMA pool for atomic allocations
[    1.449930] DMA: preallocated 512 KiB GFP_KERNEL|GFP_DMA32 pool for atomic allocations
[    1.451089] audit: initializing netlink subsys (disabled)
[    1.453177] audit: type=2000 audit(1661955939.416:1): state=initialized audit_enabled=0 res=1
[    1.455396] thermal_sys: Registered thermal governor 'fair_share'
[    1.455402] thermal_sys: Registered thermal governor 'bang_bang'
[    1.455802] thermal_sys: Registered thermal governor 'step_wise'
[    1.457812] thermal_sys: Registered thermal governor 'user_space'
[    1.460199] cpuidle: using governor menu
[    1.462338] acpiphp: ACPI Hot Plug PCI Controller Driver version: 0.5
[    1.465802] PCI: Using configuration type 1 for base access
[    1.467042] core: PMU erratum BJ122, BV98, HSD29 workaround disabled, HT off
[    1.552652] kprobes: kprobe jump-optimization is enabled. All kprobes are optimized if possible.
[    1.557946] HugeTLB: registered 1.00 GiB page size, pre-allocated 0 pages
[    1.558811] HugeTLB: 16380 KiB vmemmap can be freed for a 1.00 GiB page
[    1.560812] HugeTLB: registered 2.00 MiB page size, pre-allocated 0 pages
[    1.561809] HugeTLB: 28 KiB vmemmap can be freed for a 2.00 MiB page
[    1.577836] cryptd: max_cpu_qlen set to 1000
[    1.604830] raid6: sse2x4   gen()  7627 MB/s
[    1.622221] raid6: sse2x2   gen()  5874 MB/s
[    1.638923] raid6: sse2x1   gen()  3493 MB/s
[    1.639786] raid6: using algorithm sse2x4 gen() 7627 MB/s
[    1.657003] raid6: .... xor() 4955 MB/s, rmw enabled
[    1.657824] raid6: using ssse3x2 recovery algorithm
[    1.660073] ACPI: Added _OSI(Module Device)
[    1.661812] ACPI: Added _OSI(Processor Device)
[    1.662754] ACPI: Added _OSI(3.0 _SCP Extensions)
[    1.662811] ACPI: Added _OSI(Processor Aggregator Device)
[    1.745802] ACPI: 1 ACPI AML tables successfully acquired and loaded
[    1.787024] ACPI: Interpreter enabled
[    1.788219] ACPI: PM: (supports S0 S3 S4 S5)
[    1.789820] ACPI: Using IOAPIC for interrupt routing
[    1.791145] PCI: Using host bridge windows from ACPI; if necessary, use "pci=nocrs" and report a bug
[    1.793811] PCI: Using E820 reservations for host bridge windows
[    1.799652] ACPI: Enabled 2 GPEs in block 00 to 0F
[    1.961301] ACPI: PCI Root Bridge [PCI0] (domain 0000 [bus 00-ff])
[    1.961889] acpi PNP0A03:00: _OSC: OS supports [ASPM ClockPM Segments MSI HPX-Type3]
[    1.963821] acpi PNP0A03:00: _OSC: not requesting OS control; OS requires [ExtendedConfig ASPM ClockPM MSI]
[    1.966393] acpi PNP0A03:00: fail to add MMCONFIG information, can't access extended PCI configuration space under this bridge.
[    1.985023] acpiphp: Slot [3] registered
[    1.986344] acpiphp: Slot [4] registered
[    1.987372] acpiphp: Slot [5] registered
[    1.989429] acpiphp: Slot [6] registered
[    1.990388] acpiphp: Slot [7] registered
[    1.991350] acpiphp: Slot [8] registered
[    1.993395] acpiphp: Slot [9] registered
[    1.994414] acpiphp: Slot [10] registered
[    1.996377] acpiphp: Slot [11] registered
[    1.997365] acpiphp: Slot [12] registered
[    1.998367] acpiphp: Slot [13] registered
[    2.000381] acpiphp: Slot [14] registered
[    2.001378] acpiphp: Slot [15] registered
[    2.002337] acpiphp: Slot [16] registered
[    2.004377] acpiphp: Slot [17] registered
[    2.005434] acpiphp: Slot [18] registered
[    2.006339] acpiphp: Slot [19] registered
[    2.008389] acpiphp: Slot [20] registered
[    2.009347] acpiphp: Slot [21] registered
[    2.010406] acpiphp: Slot [22] registered
[    2.012341] acpiphp: Slot [23] registered
[    2.013368] acpiphp: Slot [24] registered
[    2.015362] acpiphp: Slot [25] registered
[    2.016400] acpiphp: Slot [26] registered
[    2.017350] acpiphp: Slot [27] registered
[    2.019399] acpiphp: Slot [28] registered
[    2.020336] acpiphp: Slot [29] registered
[    2.021423] acpiphp: Slot [30] registered
[    2.023360] acpiphp: Slot [31] registered
[    2.024100] PCI host bridge to bus 0000:00
[    2.024819] pci_bus 0000:00: Unknown NUMA node; performance will be reduced
[    2.026845] pci_bus 0000:00: root bus resource [io  0x0000-0x0cf7 window]
[    2.027852] pci_bus 0000:00: root bus resource [io  0x0d00-0xffff window]
[    2.029855] pci_bus 0000:00: root bus resource [mem 0x000a0000-0x000bffff window]
[    2.031842] pci_bus 0000:00: root bus resource [mem 0xc0000000-0xfebfffff window]
[    2.033834] pci_bus 0000:00: root bus resource [mem 0x140000000-0x1bfffffff window]
[    2.035845] pci_bus 0000:00: root bus resource [bus 00-ff]
[    2.037310] pci 0000:00:00.0: [8086:1237] type 00 class 0x060000
[    2.043007] pci 0000:00:01.0: [8086:7000] type 00 class 0x060100
[    2.047811] pci 0000:00:01.1: [8086:7010] type 00 class 0x010180
[    2.053211] pci 0000:00:01.1: reg 0x20: [io  0xc080-0xc08f]
[    2.055219] pci 0000:00:01.1: legacy IDE quirk: reg 0x10: [io  0x01f0-0x01f7]
[    2.056812] pci 0000:00:01.1: legacy IDE quirk: reg 0x14: [io  0x03f6]
[    2.057818] pci 0000:00:01.1: legacy IDE quirk: reg 0x18: [io  0x0170-0x0177]
[    2.059817] pci 0000:00:01.1: legacy IDE quirk: reg 0x1c: [io  0x0376]
[    2.062012] pci 0000:00:01.3: [8086:7113] type 00 class 0x068000
[    2.064584] pci 0000:00:01.3: quirk: [io  0x0600-0x063f] claimed by PIIX4 ACPI
[    2.065879] pci 0000:00:01.3: quirk: [io  0x0700-0x070f] claimed by PIIX4 SMB
[    2.070217] pci 0000:00:02.0: [1234:1111] type 00 class 0x030000
[    2.073619] pci 0000:00:02.0: reg 0x10: [mem 0xfd000000-0xfdffffff pref]
[    2.077871] pci 0000:00:02.0: reg 0x18: [mem 0xfebf0000-0xfebf0fff]
[    2.084415] pci 0000:00:02.0: reg 0x30: [mem 0xfebe0000-0xfebeffff pref]
[    2.086567] pci 0000:00:02.0: Video device with shadowed ROM at [mem 0x000c0000-0x000dffff]
[    2.092651] pci 0000:00:03.0: [8086:100e] type 00 class 0x020000
[    2.094811] pci 0000:00:03.0: reg 0x10: [mem 0xfebc0000-0xfebdffff]
[    2.096790] pci 0000:00:03.0: reg 0x14: [io  0xc000-0xc03f]
[    2.103288] pci 0000:00:03.0: reg 0x30: [mem 0xfeb80000-0xfebbffff pref]
[    2.108452] pci 0000:00:04.0: [1af4:1009] type 00 class 0x000200
[    2.110811] pci 0000:00:04.0: reg 0x10: [io  0xc040-0xc07f]
[    2.113812] pci 0000:00:04.0: reg 0x14: [mem 0xfebf1000-0xfebf1fff]
[    2.118812] pci 0000:00:04.0: reg 0x20: [mem 0xfe000000-0xfe003fff 64bit pref]
[    2.127768] pci 0000:00:05.0: [8086:25ab] type 00 class 0x088000
[    2.129621] pci 0000:00:05.0: reg 0x10: [mem 0xfebf2000-0xfebf200f]
[    2.163360] ACPI: PCI: Interrupt link LNKA configured for IRQ 10
[    2.169295] ACPI: PCI: Interrupt link LNKB configured for IRQ 10
[    2.175248] ACPI: PCI: Interrupt link LNKC configured for IRQ 11
[    2.180246] ACPI: PCI: Interrupt link LNKD configured for IRQ 11
[    2.183617] ACPI: PCI: Interrupt link LNKS configured for IRQ 9
[    2.204866] iommu: Default domain type: Translated 
[    2.205811] iommu: DMA domain TLB invalidation policy: lazy mode 
[    2.211134] SCSI subsystem initialized
[    2.213019] libata version 3.00 loaded.
[    2.214656] ACPI: bus type USB registered
[    2.215580] usbcore: registered new interface driver usbfs
[    2.217154] usbcore: registered new interface driver hub
[    2.218979] usbcore: registered new device driver usb
[    2.221108] pps_core: LinuxPPS API ver. 1 registered
[    2.221810] pps_core: Software ver. 5.3.6 - Copyright 2005-2007 Rodolfo Giometti <giometti@linux.it>
[    2.223967] PTP clock support registered
[    2.226000] EDAC MC: Ver: 3.0.0
[    2.233655] NetLabel: Initializing
[    2.233816] NetLabel:  domain hash size = 128
[    2.234694] NetLabel:  protocols = UNLABELED CIPSOv4 CALIPSO
[    2.236385] NetLabel:  unlabeled traffic allowed by default
[    2.237835] PCI: Using ACPI for IRQ routing
[    2.238699] PCI: pci_cache_line_size set to 64 bytes
[    2.240033] e820: reserve RAM buffer [mem 0x0009fc00-0x0009ffff]
[    2.240923] e820: reserve RAM buffer [mem 0xbffdf000-0xbfffffff]
[    2.243954] pci 0000:00:02.0: vgaarb: setting as boot VGA device
[    2.244802] pci 0000:00:02.0: vgaarb: bridge control possible
[    2.244802] pci 0000:00:02.0: vgaarb: VGA device added: decodes=io+mem,owns=io+mem,locks=none
[    2.247816] vgaarb: loaded
[    2.249620] hpet0: at MMIO 0xfed00000, IRQs 2, 8, 0
[    2.250810] hpet0: 3 comparators, 64-bit 100.000000 MHz counter
[    2.257281] clocksource: Switched to clocksource kvm-clock
[    2.882280] VFS: Disk quotas dquot_6.6.0
[    2.883445] VFS: Dquot-cache hash table entries: 512 (order 0, 4096 bytes)
[    2.888015] pnp: PnP ACPI init
[    2.892970] pnp 00:03: [dma 2]
[    2.907746] pnp: PnP ACPI: found 6 devices
[    2.964680] clocksource: acpi_pm: mask: 0xffffff max_cycles: 0xffffff, max_idle_ns: 2085701024 ns
[    2.968309] NET: Registered PF_INET protocol family
[    2.970506] IP idents hash table entries: 65536 (order: 7, 524288 bytes, vmalloc)
[    2.977543] tcp_listen_portaddr_hash hash table entries: 2048 (order: 3, 32768 bytes, vmalloc)
[    2.979521] Table-perturb hash table entries: 65536 (order: 6, 262144 bytes, vmalloc)
[    2.981473] TCP established hash table entries: 32768 (order: 6, 262144 bytes, vmalloc)
[    2.983980] TCP bind hash table entries: 32768 (order: 8, 1048576 bytes, vmalloc)
[    2.986707] TCP: Hash tables configured (established 32768 bind 32768)
[    2.988876] UDP hash table entries: 2048 (order: 4, 65536 bytes, vmalloc)
[    2.990459] UDP-Lite hash table entries: 2048 (order: 4, 65536 bytes, vmalloc)
[    2.993357] NET: Registered PF_UNIX/PF_LOCAL protocol family
[    3.000362] RPC: Registered named UNIX socket transport module.
[    3.001961] RPC: Registered udp transport module.
[    3.003371] RPC: Registered tcp transport module.
[    3.004753] RPC: Registered tcp NFSv4.1 backchannel transport module.
[    3.006648] NET: Registered PF_XDP protocol family
[    3.008121] pci_bus 0000:00: resource 4 [io  0x0000-0x0cf7 window]
[    3.009458] pci_bus 0000:00: resource 5 [io  0x0d00-0xffff window]
[    3.010722] pci_bus 0000:00: resource 6 [mem 0x000a0000-0x000bffff window]
[    3.012113] pci_bus 0000:00: resource 7 [mem 0xc0000000-0xfebfffff window]
[    3.013511] pci_bus 0000:00: resource 8 [mem 0x140000000-0x1bfffffff window]
[    3.016088] pci 0000:00:01.0: PIIX3: Enabling Passive Release
[    3.017323] pci 0000:00:00.0: Limiting direct PCI/PCI transfers
[    3.018714] PCI: CLS 0 bytes, default 64
[    3.020689] PCI-DMA: Using software bounce buffering for IO (SWIOTLB)
[    3.022021] software IO TLB: mapped [mem 0x00000000bae00000-0x00000000bee00000] (64MB)
[    3.023936] clocksource: tsc: mask: 0xffffffffffffffff max_cycles: 0x26d349e8249, max_idle_ns: 440795288087 ns
[    3.042795] Initialise system trusted keyrings
[    3.043849] Key type blacklist registered
[    3.047402] workingset: timestamp_bits=36 max_order=20 bucket_order=0
[    3.159567] zbud: loaded
[    3.194654] 9p: Installing v9fs 9p2000 file system support
[    3.212129] NET: Registered PF_ALG protocol family
[    3.213186] xor: automatically using best checksumming function   avx       
[    3.214614] Key type asymmetric registered
[    3.215482] Asymmetric key parser 'x509' registered
[    3.216974] Block layer SCSI generic (bsg) driver version 0.4 loaded (major 247)
[    3.219335] io scheduler mq-deadline registered
[    3.220318] io scheduler kyber registered
[    3.222748] io scheduler bfq registered
[    3.227900] atomic64_test: passed for x86-64 platform with CX8 and with SSE
[    3.235426] shpchp: Standard Hot Plug PCI Controller Driver version: 0.4
[    3.238991] input: Power Button as /devices/LNXSYSTM:00/LNXPWRBN:00/input/input0
[    3.242654] ACPI: button: Power Button [PWRF]
[    3.252396] ERST DBG: ERST support is disabled.
[    6.597399] ACPI: \_SB_.LNKD: Enabled at IRQ 11
[    6.602722] Serial: 8250/16550 driver, 4 ports, IRQ sharing enabled
[    6.604436] 00:05: ttyS0 at I/O 0x3f8 (irq = 4, base_baud = 115200) is a 16550A
[    6.612464] Non-volatile memory driver v1.3
[    6.624288] rdac: device handler registered
[    6.627027] hp_sw: device handler registered
[    6.628544] emc: device handler registered
[    6.629908] alua: device handler registered
[    6.630664] st: Version 20160209, fixed bufsize 32768, s/g segs 256
[    6.633930] ata_piix 0000:00:01.1: version 2.13
[    6.643512] scsi host0: ata_piix
[    6.648124] scsi host1: ata_piix
[    6.650026] ata1: PATA max MWDMA2 cmd 0x1f0 ctl 0x3f6 bmdma 0xc080 irq 14
[    6.651583] ata2: PATA max MWDMA2 cmd 0x170 ctl 0x376 bmdma 0xc088 irq 15
[    6.658983] e1000: Intel(R) PRO/1000 Network Driver
[    6.659919] e1000: Copyright (c) 1999-2006 Intel Corporation.
[    6.809005] ata2: found unknown device (class 0)
[    6.811464] ata2.00: ATAPI: QEMU DVD-ROM, 2.5+, max UDMA/100
[    6.812782] ata1.00: ATA-7: QEMU HARDDISK, 2.5+, max UDMA/100
[    6.813779] ata1.00: 20971520 sectors, multi 16: LBA48 
[    6.814682] ata1.01: ATA-7: QEMU HARDDISK, 2.5+, max UDMA/100
[    6.815660] ata1.01: 20971520 sectors, multi 16: LBA48 
[    6.819205] scsi 0:0:0:0: Direct-Access     ATA      QEMU HARDDISK    2.5+ PQ: 0 ANSI: 5
[    6.823395] sd 0:0:0:0: Attached scsi generic sg0 type 0
[    6.825138] sd 0:0:0:0: [sda] 20971520 512-byte logical blocks: (10.7 GB/10.0 GiB)
[    6.825418] scsi 0:0:1:0: Direct-Access     ATA      QEMU HARDDISK    2.5+ PQ: 0 ANSI: 5
[    6.826526] sd 0:0:0:0: [sda] Write Protect is off
[    6.828684] sd 0:0:0:0: [sda] Mode Sense: 00 3a 00 00
[    6.829701] sd 0:0:0:0: [sda] Write cache: enabled, read cache: enabled, doesn't support DPO or FUA
[    6.832037] scsi 0:0:1:0: Attached scsi generic sg1 type 0
[    6.832046] sd 0:0:0:0: [sda] Preferred minimum I/O size 512 bytes
[    6.834644] sd 0:0:1:0: [sdb] 20971520 512-byte logical blocks: (10.7 GB/10.0 GiB)
[    6.836676] sd 0:0:1:0: [sdb] Write Protect is off
[    6.837678] scsi 1:0:0:0: CD-ROM            QEMU     QEMU DVD-ROM     2.5+ PQ: 0 ANSI: 5
[    6.839412] sd 0:0:1:0: [sdb] Mode Sense: 00 3a 00 00
[    6.841524] sd 0:0:1:0: [sdb] Write cache: enabled, read cache: enabled, doesn't support DPO or FUA
[    6.843535] sd 0:0:1:0: [sdb] Preferred minimum I/O size 512 bytes
[    6.851297] sd 0:0:0:0: [sda] Attached SCSI disk
[    6.857693] sd 0:0:1:0: [sdb] Attached SCSI disk
[    6.867586] scsi 1:0:0:0: Attached scsi generic sg2 type 5
[   10.085509] ACPI: \_SB_.LNKC: Enabled at IRQ 10
[   10.421175] e1000 0000:00:03.0 eth0: (PCI:33MHz:32-bit) 52:54:00:12:34:56
[   10.422517] e1000 0000:00:03.0 eth0: Intel(R) PRO/1000 Network Connection
[   10.424040] e1000e: Intel(R) PRO/1000 Network Driver
[   10.424945] e1000e: Copyright(c) 1999 - 2015 Intel Corporation.
[   10.426236] igb: Intel(R) Gigabit Ethernet Network Driver
[   10.427179] igb: Copyright (c) 2007-2014 Intel Corporation.
[   10.428357] ixgbe: Intel(R) 10 Gigabit PCI Express Network Driver
[   10.429378] ixgbe: Copyright (c) 1999-2016 Intel Corporation.
[   10.431518] i40e: Intel(R) Ethernet Connection XL710 Network Driver
[   10.432649] i40e: Copyright (c) 2013 - 2019 Intel Corporation.
[   10.435679] ehci_hcd: USB 2.0 'Enhanced' Host Controller (EHCI) Driver
[   10.436889] ehci-pci: EHCI PCI platform driver
[   10.437872] ohci_hcd: USB 1.1 'Open' Host Controller (OHCI) Driver
[   10.439015] ohci-pci: OHCI PCI platform driver
[   10.439954] uhci_hcd: USB Universal Host Controller Interface driver
[   10.442976] i8042: PNP: PS/2 Controller [PNP0303:KBD,PNP0f13:MOU] at 0x60,0x64 irq 1,12
[   10.445980] serio: i8042 KBD port at 0x60,0x64 irq 1
[   10.447522] serio: i8042 AUX port at 0x60,0x64 irq 12
[   10.449790] mousedev: PS/2 mouse device common for all mice
[   10.453048] rtc_cmos 00:00: RTC can wake from S4
[   10.453321] input: AT Translated Set 2 keyboard as /devices/platform/i8042/serio0/input/input1
[   10.457701] rtc_cmos 00:00: registered as rtc0
[   10.458753] rtc_cmos 00:00: setting system clock to 2022-08-31T14:25:48 UTC (1661955948)
[   10.459978] input: VirtualPS/2 VMware VMMouse as /devices/platform/i8042/serio1/input/input4
[   10.460786] rtc_cmos 00:00: alarms up to one day, y3k, 114 bytes nvram, hpet irqs
[   10.463950] input: VirtualPS/2 VMware VMMouse as /devices/platform/i8042/serio1/input/input3
[   10.465609] i6300ESB timer 0000:00:05.0: initialized. heartbeat=30 sec (nowayout=0)
[   10.467542] iTCO_vendor_support: vendor-support=0
[   10.469301] intel_pstate: CPU model not supported
[   10.479245] hid: raw HID events driver (C) Jiri Kosina
[   10.481408] usbcore: registered new interface driver usbhid
[   10.482891] usbhid: USB HID core driver
[   10.484045] drop_monitor: Initializing network drop monitor service
[   10.486389] ipip: IPv4 and MPLS over IPv4 tunneling driver
[   10.491133] gre: GRE over IPv4 demultiplexor driver
[   10.492678] ip_gre: GRE over IPv4 tunneling driver
[   10.502556] Initializing XFRM netlink socket
[   10.509703] NET: Registered PF_INET6 protocol family
[   10.520748] Segment Routing with IPv6
[   10.522117] In-situ OAM (IOAM) with IPv6
[   10.523601] NET: Registered PF_PACKET protocol family
[   10.526610] 9pnet: Installing 9P2000 support
[   10.532481] mpls_gso: MPLS GSO support
[   10.540653] IPI shorthand broadcast: enabled
[   10.541633] ... APIC ID:      00000000 (0)
[   10.542524] ... APIC VERSION: 00050014
[   10.542625] 0000000000000000000000000000000000000000000000000000000000000000
[   10.542625] 0000000000000000000000000000000000000000000000000000000000000000
[   10.542625] 0000000000000000000000000000000000000000000000000000000000000000

[   10.548077] number of MP IRQ sources: 15.
[   10.548968] number of IO-APIC #0 registers: 24.
[   10.549938] testing the IO APIC.......................
[   10.551070] IO APIC #0......
[   10.551693] .... register #00: 00000000
[   10.552540] .......    : physical APIC id: 00
[   10.553441] .......    : Delivery Type: 0
[   10.554272] .......    : LTS          : 0
[   10.555120] .... register #01: 00170011
[   10.555916] .......     : max redirection entries: 17
[   10.556959] .......     : PRQ implemented: 0
[   10.557858] .......     : IO APIC version: 11
[   10.558752] .... register #02: 00000000
[   10.559543] .......     : arbitration: 00
[   10.560384] .... IRQ redirection table:
[   10.561183] IOAPIC 0:
[   10.561702]  pin00, disabled, edge , high, V(00), IRR(0), S(0), physical, D(0000), M(0)
[   10.563339]  pin01, enabled , edge , high, V(23), IRR(0), S(0), physical, D(0001), M(0)
[   10.564991]  pin02, enabled , edge , high, V(30), IRR(0), S(0), physical, D(0000), M(0)
[   10.566618]  pin03, disabled, edge , high, V(00), IRR(0), S(0), physical, D(0000), M(0)
[   10.568269]  pin04, disabled, edge , high, V(00), IRR(0), S(0), physical, D(0000), M(0)
[   10.569894]  pin05, disabled, edge , high, V(00), IRR(0), S(0), physical, D(0000), M(0)
[   10.571522]  pin06, disabled, edge , high, V(00), IRR(0), S(0), physical, D(0000), M(0)
[   10.573179]  pin07, disabled, edge , high, V(00), IRR(0), S(0), physical, D(0000), M(0)
[   10.574812]  pin08, enabled , edge , high, V(23), IRR(0), S(0), physical, D(0000), M(0)
[   10.576468]  pin09, enabled , level, high, V(21), IRR(0), S(0), physical, D(0001), M(0)
[   10.578110]  pin0a, disabled, edge , high, V(00), IRR(0), S(0), physical, D(0000), M(0)
[   10.579738]  pin0b, disabled, edge , high, V(00), IRR(0), S(0), physical, D(0000), M(0)
[   10.581376]  pin0c, enabled , edge , high, V(22), IRR(0), S(0), physical, D(0000), M(0)
[   10.582997]  pin0d, disabled, edge , high, V(00), IRR(0), S(0), physical, D(0000), M(0)
[   10.584630]  pin0e, enabled , edge , high, V(21), IRR(0), S(0), physical, D(0000), M(0)
[   10.586255]  pin0f, enabled , edge , high, V(22), IRR(0), S(0), physical, D(0001), M(0)
[   10.587891]  pin10, disabled, edge , high, V(00), IRR(0), S(0), physical, D(0000), M(0)
[   10.589525]  pin11, disabled, edge , high, V(00), IRR(0), S(0), physical, D(0000), M(0)
[   10.591159]  pin12, disabled, edge , high, V(00), IRR(0), S(0), physical, D(0000), M(0)
[   10.592826]  pin13, disabled, edge , high, V(00), IRR(0), S(0), physical, D(0000), M(0)
[   10.594458]  pin14, disabled, edge , high, V(00), IRR(0), S(0), physical, D(0000), M(0)
[   10.596083]  pin15, disabled, edge , high, V(00), IRR(0), S(0), physical, D(0000), M(0)
[   10.597722]  pin16, disabled, edge , high, V(00), IRR(0), S(0), physical, D(0000), M(0)
[   10.599341]  pin17, disabled, edge , high, V(00), IRR(0), S(0), physical, D(0000), M(0)
[   10.600967] IRQ to pin mappings:
[   10.601638] IRQ0 -> 0:2
[   10.602174] IRQ1 -> 0:1
[   10.602750] IRQ3 -> 0:3
[   10.603413] IRQ4 -> 0:4
[   10.604041] IRQ5 -> 0:5
[   10.604681] IRQ6 -> 0:6
[   10.605280] IRQ7 -> 0:7
[   10.605876] IRQ8 -> 0:8
[   10.606469] IRQ9 -> 0:9
[   10.607065] IRQ10 -> 0:10
[   10.607681] IRQ11 -> 0:11
[   10.608319] IRQ12 -> 0:12
[   10.608952] IRQ13 -> 0:13
[   10.609576] IRQ14 -> 0:14
[   10.610207] IRQ15 -> 0:15
[   10.610856] .................................... done.
[   10.612243] AVX version of gcm_enc/dec engaged.
[   10.613395] AES CTR mode by8 optimization enabled
[   10.619348] sched_clock: Marking stable (10559131988, 59799912)->(10788362246, -169430346)
[   10.627155] registered taskstats version 1
[   10.628625] Loading compiled-in X.509 certificates
[   10.635577] Loaded X.509 cert 'Build time autogenerated kernel key: 29579404aca54ffde8d80f2b63dab776e63e62f1'
[   10.641626] Key type .fscrypt registered
[   10.642514] Key type fscrypt-provisioning registered
[   10.659750] Btrfs loaded, crc32c=crc32c-generic, zoned=yes, fsverity=no
[   10.668522] Key type encrypted registered
[   10.669632] ima: No TPM chip found, activating TPM-bypass!
[   10.671150] ima: Allocated hash algorithm: sha1
[   10.672436] ima: No architecture policies found
[   10.674016] evm: Initialising EVM extended attributes:
[   10.675364] evm: security.selinux
[   10.676208] evm: security.SMACK64 (disabled)
[   10.677244] evm: security.SMACK64EXEC (disabled)
[   10.678348] evm: security.SMACK64TRANSMUTE (disabled)
[   10.679470] evm: security.SMACK64MMAP (disabled)
[   10.680474] evm: security.apparmor
[   10.681181] evm: security.ima
[   10.681788] evm: security.capability
[   10.682529] evm: HMAC attrs: 0x1
[   10.724970] TAP version 14
[   10.725542] 1..4
[   10.726233]     # Subtest: kfence
[   10.726247]     1..25
[   10.727794]     # test_out_of_bounds_read: test_alloc: size=32, gfp=cc0, policy=left, cache=0
[   10.776958] ==================================================================
[   10.778973] BUG: KFENCE: out-of-bounds read in test_out_of_bounds_read+0x114/0x257

[   10.780817] Out-of-bounds read at 0xffff888136cb3fff (1B left of kfence-#89):
[   10.782229]  test_out_of_bounds_read+0x114/0x257
[   10.783157]  kunit_try_run_case+0x8e/0xc0
[   10.783986]  kunit_generic_run_threadfn_adapter+0x29/0x50
[   10.785084]  kthread+0x179/0x1b0
[   10.785762]  ret_from_fork+0x22/0x30

[   10.786810] kfence-#89: 0xffff888136cb4000-0xffff888136cb401f, size=32, cache=kmalloc-32

[   10.788745] allocated by task 180 on cpu 1 at 10.776914s:
[   10.789844]  test_alloc+0x1fb/0x79c
[   10.790557]  test_out_of_bounds_read+0xfd/0x257
[   10.791462]  kunit_try_run_case+0x8e/0xc0
[   10.792305]  kunit_generic_run_threadfn_adapter+0x29/0x50
[   10.793385]  kthread+0x179/0x1b0
[   10.794041]  ret_from_fork+0x22/0x30

[   10.795083] CPU: 1 PID: 180 Comm: kunit_try_catch Tainted: G                 N 6.0.0-rc3-next-20220831-00002-g6db6c886e5af #245
[   10.797330] Hardware name: QEMU Standard PC (i440FX + PIIX, 1996), BIOS rel-1.13.0-0-gf21b5a4aeb02-prebuilt.qemu.org 04/01/2014
[   10.799579] RIP: 0010:test_out_of_bounds_read+0x114/0x257
[   10.800682] Code: 00 00 00 ba c0 0c 00 00 4c 89 f6 4c 89 e7 e8 2a e5 ff ff 48 8d 78 ff 49 89 c7 48 89 7b b0 e8 d4 09 f3 fe 48 8d bd 78 ff ff ff <41> 8a 47 ff e8 74 53 f3 fe 84 c0 75 3b 48 8d 8b 60 ff ff ff 45 31
[   10.804339] RSP: 0000:ffffc900015efde0 EFLAGS: 00010246
[   10.805386] RAX: 0000000000000000 RBX: ffffc900015efea0 RCX: ffffffff825ee88c
[   10.806785] RDX: 1ffff11026d967ff RSI: ffff888136cb4000 RDI: ffffc900015efe40
[   10.808212] RBP: ffffc900015efec8 R08: ffffffff825ed395 R09: ffffea0004db2d07
[   10.809614] R10: fffff940009b65a0 R11: 0000000000000001 R12: ffffc90000647ab8
[   10.810998] R13: 1ffff920002bdfbc R14: 0000000000000020 R15: ffff888136cb4000
[   10.812409] FS:  0000000000000000(0000) GS:ffff888014900000(0000) knlGS:0000000000000000
[   10.813991] CS:  0010 DS: 0000 ES: 0000 CR0: 0000000080050033
[   10.815125] CR2: ffff888136cb3fff CR3: 000000000360e001 CR4: 0000000000060ee0
[   10.816558] Call Trace:
[   10.817057]  <TASK>
[   10.817488]  ? test_out_of_bounds_write+0x193/0x193
[   10.818459]  ? preempt_count_add+0x7b/0xd0
[   10.819301]  ? _raw_spin_lock_irqsave+0x8d/0xf0
[   10.820237]  ? test_out_of_bounds_write+0x193/0x193
[   10.821213]  ? __lock_text_start+0x8/0x8
[   10.822003]  ? set_cpus_allowed_ptr+0x7e/0xb0
[   10.822884]  ? kunit_try_catch_throw+0x40/0x40
[   10.823778]  kunit_try_run_case+0x8e/0xc0
[   10.824615]  ? kunit_catch_run_case+0x70/0x70
[   10.825492]  ? kunit_try_catch_throw+0x40/0x40
[   10.826381]  kunit_generic_run_threadfn_adapter+0x29/0x50
[   10.827452]  kthread+0x179/0x1b0
[   10.828103]  ? kthread_complete_and_exit+0x20/0x20
[   10.829067]  ret_from_fork+0x22/0x30
[   10.829799]  </TASK>
[   10.830255] ==================================================================
[   10.831772]     # test_out_of_bounds_read: test_alloc: size=32, gfp=cc0, policy=right, cache=0
[   10.984973] ==================================================================
[   10.986406] BUG: KFENCE: out-of-bounds read in test_out_of_bounds_read+0x1a8/0x257

[   10.988174] Out-of-bounds read at 0xffff888136cb9000 (32B right of kfence-#91):
[   10.989635]  test_out_of_bounds_read+0x1a8/0x257
[   10.990559]  kunit_try_run_case+0x8e/0xc0
[   10.991370]  kunit_generic_run_threadfn_adapter+0x29/0x50
[   10.992494]  kthread+0x179/0x1b0
[   10.993168]  ret_from_fork+0x22/0x30

[   10.994252] kfence-#91: 0xffff888136cb8fe0-0xffff888136cb8fff, size=32, cache=kmalloc-32

[   10.996194] allocated by task 180 on cpu 1 at 10.984940s:
[   10.997283]  test_alloc+0x1fb/0x79c
[   10.997987]  test_out_of_bounds_read+0x18f/0x257
[   10.998912]  kunit_try_run_case+0x8e/0xc0
[   10.999721]  kunit_generic_run_threadfn_adapter+0x29/0x50
[   11.000835]  kthread+0x179/0x1b0
[   11.001490]  ret_from_fork+0x22/0x30

[   11.002537] CPU: 1 PID: 180 Comm: kunit_try_catch Tainted: G    B            N 6.0.0-rc3-next-20220831-00002-g6db6c886e5af #245
[   11.004775] Hardware name: QEMU Standard PC (i440FX + PIIX, 1996), BIOS rel-1.13.0-0-gf21b5a4aeb02-prebuilt.qemu.org 04/01/2014
[   11.007002] RIP: 0010:test_out_of_bounds_read+0x1a8/0x257
[   11.008070] Code: 02 00 00 00 ba c0 0c 00 00 4c 89 e7 e8 98 e4 ff ff 49 01 c6 49 89 c7 4c 89 f7 4c 89 73 b0 e8 40 09 f3 fe 48 8d bd 78 ff ff ff <41> 8a 06 e8 e1 52 f3 fe 84 c0 75 3b 48 8d 8b 60 ff ff ff 45 31 c0
[   11.011715] RSP: 0000:ffffc900015efde0 EFLAGS: 00010246
[   11.012782] RAX: 0000000000000000 RBX: ffffc900015efea0 RCX: ffffffff825ee920
[   11.014187] RDX: 1ffff11026d97200 RSI: ffff888136cb8fe0 RDI: ffffc900015efe40
[   11.015605] RBP: ffffc900015efec8 R08: ffffffff825ed395 R09: ffffea0004db2e07
[   11.017012] R10: fffff940009b65c0 R11: 0000000000000001 R12: ffffc90000647ab8
[   11.018416] R13: 1ffff920002bdfbc R14: ffff888136cb9000 R15: ffff888136cb8fe0
[   11.019820] FS:  0000000000000000(0000) GS:ffff888014900000(0000) knlGS:0000000000000000
[   11.021424] CS:  0010 DS: 0000 ES: 0000 CR0: 0000000080050033
[   11.022546] CR2: ffff888136cb9000 CR3: 000000000360e001 CR4: 0000000000060ee0
[   11.023957] Call Trace:
[   11.024486]  <TASK>
[   11.024918]  ? test_out_of_bounds_write+0x193/0x193
[   11.025886]  ? preempt_count_add+0x7b/0xd0
[   11.026722]  ? _raw_spin_lock_irqsave+0x8d/0xf0
[   11.027627]  ? test_out_of_bounds_write+0x193/0x193
[   11.028612]  ? __lock_text_start+0x8/0x8
[   11.029407]  ? set_cpus_allowed_ptr+0x7e/0xb0
[   11.030282]  ? kunit_try_catch_throw+0x40/0x40
[   11.031177]  kunit_try_run_case+0x8e/0xc0
[   11.031981]  ? kunit_catch_run_case+0x70/0x70
[   11.033098]  ? kunit_try_catch_throw+0x40/0x40
[   11.034246]  kunit_generic_run_threadfn_adapter+0x29/0x50
[   11.035632]  kthread+0x179/0x1b0
[   11.036503]  ? kthread_complete_and_exit+0x20/0x20
[   11.037752]  ret_from_fork+0x22/0x30
[   11.038690]  </TASK>
[   11.039283] ==================================================================
[   11.041293]     ok 1 - test_out_of_bounds_read
[   11.041932]     # test_out_of_bounds_read-memcache: setup_test_cache: size=32, ctor=0x0
[   11.045598]     # test_out_of_bounds_read-memcache: test_alloc: size=32, gfp=cc0, policy=left, cache=1
[   11.296918] ==================================================================
[   11.298359] BUG: KFENCE: out-of-bounds read in test_out_of_bounds_read+0x114/0x257

[   11.300127] Out-of-bounds read at 0xffff888136cbdfff (1B left of kfence-#94):
[   11.301559]  test_out_of_bounds_read+0x114/0x257
[   11.302487]  kunit_try_run_case+0x8e/0xc0
[   11.303296]  kunit_generic_run_threadfn_adapter+0x29/0x50
[   11.304384]  kthread+0x179/0x1b0
[   11.305040]  ret_from_fork+0x22/0x30

[   11.306070] kfence-#94: 0xffff888136cbe000-0xffff888136cbe01f, size=32, cache=test

[   11.307857] allocated by task 181 on cpu 1 at 11.296890s:
[   11.308942]  test_alloc+0x1ee/0x79c
[   11.309651]  test_out_of_bounds_read+0xfd/0x257
[   11.310561]  kunit_try_run_case+0x8e/0xc0
[   11.311364]  kunit_generic_run_threadfn_adapter+0x29/0x50
[   11.312464]  kthread+0x179/0x1b0
[   11.313123]  ret_from_fork+0x22/0x30

[   11.314166] CPU: 1 PID: 181 Comm: kunit_try_catch Tainted: G    B            N 6.0.0-rc3-next-20220831-00002-g6db6c886e5af #245
[   11.316428] Hardware name: QEMU Standard PC (i440FX + PIIX, 1996), BIOS rel-1.13.0-0-gf21b5a4aeb02-prebuilt.qemu.org 04/01/2014
[   11.318652] RIP: 0010:test_out_of_bounds_read+0x114/0x257
[   11.319734] Code: 00 00 00 ba c0 0c 00 00 4c 89 f6 4c 89 e7 e8 2a e5 ff ff 48 8d 78 ff 49 89 c7 48 89 7b b0 e8 d4 09 f3 fe 48 8d bd 78 ff ff ff <41> 8a 47 ff e8 74 53 f3 fe 84 c0 75 3b 48 8d 8b 60 ff ff ff 45 31
[   11.323396] RSP: 0000:ffffc900015ffde0 EFLAGS: 00010246
[   11.324456] RAX: 0000000000000000 RBX: ffffc900015ffea0 RCX: ffffffff825ee88c
[   11.325853] RDX: 1ffff11026d97bff RSI: ffff888136cbe000 RDI: ffffc900015ffe40
[   11.327268] RBP: ffffc900015ffec8 R08: ffffffff825ed395 R09: ffffea0004db2f87
[   11.328690] R10: fffff940009b65f0 R11: 0000000000000001 R12: ffffc90000647ab8
[   11.330095] R13: 1ffff920002bffbc R14: 0000000000000020 R15: ffff888136cbe000
[   11.331515] FS:  0000000000000000(0000) GS:ffff888014900000(0000) knlGS:0000000000000000
[   11.333120] CS:  0010 DS: 0000 ES: 0000 CR0: 0000000080050033
[   11.334264] CR2: ffff888136cbdfff CR3: 000000000360e001 CR4: 0000000000060ee0
[   11.335675] Call Trace:
[   11.336178]  <TASK>
[   11.336626]  ? test_out_of_bounds_write+0x193/0x193
[   11.337600]  ? preempt_count_add+0x7b/0xd0
[   11.338415]  ? _raw_spin_lock_irqsave+0x8d/0xf0
[   11.339319]  ? test_out_of_bounds_write+0x193/0x193
[   11.340298]  ? __lock_text_start+0x8/0x8
[   11.341096]  ? set_cpus_allowed_ptr+0x7e/0xb0
[   11.341974]  ? kunit_try_catch_throw+0x40/0x40
[   11.342869]  kunit_try_run_case+0x8e/0xc0
[   11.343678]  ? kunit_catch_run_case+0x70/0x70
[   11.344580]  ? kunit_try_catch_throw+0x40/0x40
[   11.345476]  kunit_generic_run_threadfn_adapter+0x29/0x50
[   11.346563]  kthread+0x179/0x1b0
[   11.347217]  ? kthread_complete_and_exit+0x20/0x20
[   11.348182]  ret_from_fork+0x22/0x30
[   11.348928]  </TASK>
[   11.349380] ==================================================================
[   11.350892]     # test_out_of_bounds_read-memcache: test_alloc: size=32, gfp=cc0, policy=right, cache=1
[   11.920945] ==================================================================
[   11.922438] BUG: KFENCE: out-of-bounds read in test_out_of_bounds_read+0x1a8/0x257

[   11.924237] Out-of-bounds read at 0xffff888136ccb000 (32B right of kfence-#100):
[   11.925691]  test_out_of_bounds_read+0x1a8/0x257
[   11.926615]  kunit_try_run_case+0x8e/0xc0
[   11.927412]  kunit_generic_run_threadfn_adapter+0x29/0x50
[   11.928494]  kthread+0x179/0x1b0
[   11.929149]  ret_from_fork+0x22/0x30

[   11.930198] kfence-#100: 0xffff888136ccafe0-0xffff888136ccafff, size=32, cache=test

[   11.931990] allocated by task 181 on cpu 1 at 11.920917s:
[   11.933067]  test_alloc+0x1ee/0x79c
[   11.933771]  test_out_of_bounds_read+0x18f/0x257
[   11.934720]  kunit_try_run_case+0x8e/0xc0
[   11.935524]  kunit_generic_run_threadfn_adapter+0x29/0x50
[   11.936630]  kthread+0x179/0x1b0
[   11.937289]  ret_from_fork+0x22/0x30

[   11.938337] CPU: 1 PID: 181 Comm: kunit_try_catch Tainted: G    B            N 6.0.0-rc3-next-20220831-00002-g6db6c886e5af #245
[   11.940596] Hardware name: QEMU Standard PC (i440FX + PIIX, 1996), BIOS rel-1.13.0-0-gf21b5a4aeb02-prebuilt.qemu.org 04/01/2014
[   11.942811] RIP: 0010:test_out_of_bounds_read+0x1a8/0x257
[   11.943879] Code: 02 00 00 00 ba c0 0c 00 00 4c 89 e7 e8 98 e4 ff ff 49 01 c6 49 89 c7 4c 89 f7 4c 89 73 b0 e8 40 09 f3 fe 48 8d bd 78 ff ff ff <41> 8a 06 e8 e1 52 f3 fe 84 c0 75 3b 48 8d 8b 60 ff ff ff 45 31 c0
[   11.947502] RSP: 0000:ffffc900015ffde0 EFLAGS: 00010246
[   11.948564] RAX: 0000000000000000 RBX: ffffc900015ffea0 RCX: ffffffff825ee920
[   11.949963] RDX: 1ffff11026d99600 RSI: ffff888136ccafe0 RDI: ffffc900015ffe40
[   11.951365] RBP: ffffc900015ffec8 R08: ffffffff825ed395 R09: ffffea0004db3287
[   11.952778] R10: fffff940009b6650 R11: 0000000000000001 R12: ffffc90000647ab8
[   11.954222] R13: 1ffff920002bffbc R14: ffff888136ccb000 R15: ffff888136ccafe0
[   11.955602] FS:  0000000000000000(0000) GS:ffff888014900000(0000) knlGS:0000000000000000
[   11.957209] CS:  0010 DS: 0000 ES: 0000 CR0: 0000000080050033
[   11.958329] CR2: ffff888136ccb000 CR3: 000000000360e001 CR4: 0000000000060ee0
[   11.959737] Call Trace:
[   11.960253]  <TASK>
[   11.960689]  ? test_out_of_bounds_write+0x193/0x193
[   11.961668]  ? preempt_count_add+0x7b/0xd0
[   11.962519]  ? _raw_spin_lock_irqsave+0x8d/0xf0
[   11.963441]  ? test_out_of_bounds_write+0x193/0x193
[   11.964443]  ? __lock_text_start+0x8/0x8
[   11.965234]  ? set_cpus_allowed_ptr+0x7e/0xb0
[   11.966106]  ? kunit_try_catch_throw+0x40/0x40
[   11.966993]  kunit_try_run_case+0x8e/0xc0
[   11.967799]  ? kunit_catch_run_case+0x70/0x70
[   11.968677]  ? kunit_try_catch_throw+0x40/0x40
[   11.969565]  kunit_generic_run_threadfn_adapter+0x29/0x50
[   11.970649]  kthread+0x179/0x1b0
[   11.971303]  ? kthread_complete_and_exit+0x20/0x20
[   11.972276]  ret_from_fork+0x22/0x30
[   11.973004]  </TASK>
[   11.973467] ==================================================================
[   12.025096]     ok 2 - test_out_of_bounds_read-memcache
[   12.026130]     # test_out_of_bounds_write: test_alloc: size=32, gfp=cc0, policy=left, cache=0
[   12.336944] ==================================================================
[   12.338378] BUG: KFENCE: out-of-bounds write in test_out_of_bounds_write+0xe1/0x193

[   12.340180] Out-of-bounds write at 0xffff888136cd1fff (1B left of kfence-#104):
[   12.341624]  test_out_of_bounds_write+0xe1/0x193
[   12.342551]  kunit_try_run_case+0x8e/0xc0
[   12.343364]  kunit_generic_run_threadfn_adapter+0x29/0x50
[   12.344453]  kthread+0x179/0x1b0
[   12.345114]  ret_from_fork+0x22/0x30

[   12.346150] kfence-#104: 0xffff888136cd2000-0xffff888136cd201f, size=32, cache=kmalloc-32

[   12.348031] allocated by task 182 on cpu 1 at 12.336900s:
[   12.349138]  test_alloc+0x1fb/0x79c
[   12.349846]  test_out_of_bounds_write+0xd1/0x193
[   12.350763]  kunit_try_run_case+0x8e/0xc0
[   12.351576]  kunit_generic_run_threadfn_adapter+0x29/0x50
[   12.352676]  kthread+0x179/0x1b0
[   12.353330]  ret_from_fork+0x22/0x30

[   12.354369] CPU: 1 PID: 182 Comm: kunit_try_catch Tainted: G    B            N 6.0.0-rc3-next-20220831-00002-g6db6c886e5af #245
[   12.356607] Hardware name: QEMU Standard PC (i440FX + PIIX, 1996), BIOS rel-1.13.0-0-gf21b5a4aeb02-prebuilt.qemu.org 04/01/2014
[   12.358861] RIP: 0010:test_out_of_bounds_write+0xe1/0x193
[   12.359944] Code: f4 ff ff b9 01 00 00 00 ba c0 0c 00 00 be 20 00 00 00 4c 89 e7 e8 e9 e6 ff ff 48 8d 78 ff 49 89 c6 48 89 7b b0 e8 f3 0b f3 fe <41> c6 46 ff 2a 48 8d 7d 80 e8 35 55 f3 fe 84 c0 75 3b 48 8d 8b 60
[   12.363611] RSP: 0000:ffffc900015ffde8 EFLAGS: 00010246
[   12.364667] RAX: 0000000000000000 RBX: ffffc900015ffea8 RCX: ffffffff825ee6cd
[   12.366088] RDX: 1ffff11026d9a3ff RSI: ffff888136cd2000 RDI: ffff888136cd1fff
[   12.367503] RBP: ffffc900015ffec8 R08: ffffffff825ed395 R09: ffffea0004db3487
[   12.368925] R10: fffff940009b6690 R11: 0000000000000001 R12: ffffc90000647ab8
[   12.370327] R13: 1ffff920002bffbd R14: ffff888136cd2000 R15: ffffc90000647ad0
[   12.371739] FS:  0000000000000000(0000) GS:ffff888014900000(0000) knlGS:0000000000000000
[   12.373316] CS:  0010 DS: 0000 ES: 0000 CR0: 0000000080050033
[   12.374449] CR2: ffff888136cd1fff CR3: 000000000360e001 CR4: 0000000000060ee0
[   12.375859] Call Trace:
[   12.376394]  <TASK>
[   12.376833]  ? test_use_after_free_read+0x191/0x191
[   12.377814]  ? preempt_count_add+0x7b/0xd0
[   12.378648]  ? _raw_spin_lock_irqsave+0x8d/0xf0
[   12.379571]  ? test_use_after_free_read+0x191/0x191
[   12.380575]  ? __lock_text_start+0x8/0x8
[   12.381376]  ? set_cpus_allowed_ptr+0x7e/0xb0
[   12.382252]  ? preempt_count_sub+0x18/0xc0
[   12.383093]  ? kunit_try_catch_throw+0x40/0x40
[   12.383992]  kunit_try_run_case+0x8e/0xc0
[   12.384817]  ? kunit_catch_run_case+0x70/0x70
[   12.385697]  ? kunit_try_catch_throw+0x40/0x40
[   12.386592]  kunit_generic_run_threadfn_adapter+0x29/0x50
[   12.387679]  kthread+0x179/0x1b0
[   12.388347]  ? kthread_complete_and_exit+0x20/0x20
[   12.389307]  ret_from_fork+0x22/0x30
[   12.390066]  </TASK>
[   12.390530] ==================================================================
[   12.392083]     ok 3 - test_out_of_bounds_write
[   12.392739]     # test_out_of_bounds_write-memcache: setup_test_cache: size=32, ctor=0x0
[   12.395892]     # test_out_of_bounds_write-memcache: test_alloc: size=32, gfp=cc0, policy=left, cache=1
[   12.440936] ==================================================================
[   12.442378] BUG: KFENCE: out-of-bounds write in test_out_of_bounds_write+0xe1/0x193

[   12.444180] Out-of-bounds write at 0xffff888136cd3fff (1B left of kfence-#105):
[   12.445619]  test_out_of_bounds_write+0xe1/0x193
[   12.446544]  kunit_try_run_case+0x8e/0xc0
[   12.447360]  kunit_generic_run_threadfn_adapter+0x29/0x50
[   12.448452]  kthread+0x179/0x1b0
[   12.449103]  ret_from_fork+0x22/0x30

[   12.450141] kfence-#105: 0xffff888136cd4000-0xffff888136cd401f, size=32, cache=test

[   12.451902] allocated by task 183 on cpu 1 at 12.440903s:
[   12.453000]  test_alloc+0x1ee/0x79c
[   12.453795]  test_out_of_bounds_write+0xd1/0x193
[   12.454735]  kunit_try_run_case+0x8e/0xc0
[   12.455553]  kunit_generic_run_threadfn_adapter+0x29/0x50
[   12.456652]  kthread+0x179/0x1b0
[   12.457307]  ret_from_fork+0x22/0x30

[   12.458354] CPU: 1 PID: 183 Comm: kunit_try_catch Tainted: G    B            N 6.0.0-rc3-next-20220831-00002-g6db6c886e5af #245
[   12.460580] Hardware name: QEMU Standard PC (i440FX + PIIX, 1996), BIOS rel-1.13.0-0-gf21b5a4aeb02-prebuilt.qemu.org 04/01/2014
[   12.462797] RIP: 0010:test_out_of_bounds_write+0xe1/0x193
[   12.463867] Code: f4 ff ff b9 01 00 00 00 ba c0 0c 00 00 be 20 00 00 00 4c 89 e7 e8 e9 e6 ff ff 48 8d 78 ff 49 89 c6 48 89 7b b0 e8 f3 0b f3 fe <41> c6 46 ff 2a 48 8d 7d 80 e8 35 55 f3 fe 84 c0 75 3b 48 8d 8b 60
[   12.467507] RSP: 0000:ffffc9000160fde8 EFLAGS: 00010246
[   12.468575] RAX: 0000000000000000 RBX: ffffc9000160fea8 RCX: ffffffff825ee6cd
[   12.469977] RDX: 1ffff11026d9a7ff RSI: ffff888136cd4000 RDI: ffff888136cd3fff
[   12.471386] RBP: ffffc9000160fec8 R08: ffffffff825ed395 R09: ffffea0004db3507
[   12.472798] R10: fffff940009b66a0 R11: 0000000000000001 R12: ffffc90000647ab8
[   12.474202] R13: 1ffff920002c1fbd R14: ffff888136cd4000 R15: ffffc90000647ad0
[   12.475605] FS:  0000000000000000(0000) GS:ffff888014900000(0000) knlGS:0000000000000000
[   12.477212] CS:  0010 DS: 0000 ES: 0000 CR0: 0000000080050033
[   12.478357] CR2: ffff888136cd3fff CR3: 000000000360e001 CR4: 0000000000060ee0
[   12.479766] Call Trace:
[   12.480274]  <TASK>
[   12.480707]  ? test_use_after_free_read+0x191/0x191
[   12.481671]  ? preempt_count_add+0x7b/0xd0
[   12.482498]  ? _raw_spin_lock_irqsave+0x8d/0xf0
[   12.483406]  ? test_use_after_free_read+0x191/0x191
[   12.484395]  ? __lock_text_start+0x8/0x8
[   12.485185]  ? set_cpus_allowed_ptr+0x7e/0xb0
[   12.486063]  ? preempt_count_sub+0x18/0xc0
[   12.486885]  ? kunit_try_catch_throw+0x40/0x40
[   12.487772]  kunit_try_run_case+0x8e/0xc0
[   12.488598]  ? kunit_catch_run_case+0x70/0x70
[   12.489473]  ? kunit_try_catch_throw+0x40/0x40
[   12.490368]  kunit_generic_run_threadfn_adapter+0x29/0x50
[   12.491449]  kthread+0x179/0x1b0
[   12.492104]  ? kthread_complete_and_exit+0x20/0x20
[   12.493079]  ret_from_fork+0x22/0x30
[   12.493815]  </TASK>
[   12.494264] ==================================================================
[   12.527889]     ok 4 - test_out_of_bounds_write-memcache
[   12.528831]     # test_use_after_free_read: test_alloc: size=32, gfp=cc0, policy=any, cache=0
[   12.544944] ==================================================================
[   12.546381] BUG: KFENCE: use-after-free read in test_use_after_free_read+0x103/0x191

[   12.548202] Use-after-free read at 0xffff888136cd6000 (in kfence-#106):
[   12.549507]  test_use_after_free_read+0x103/0x191
[   12.550455]  kunit_try_run_case+0x8e/0xc0
[   12.551263]  kunit_generic_run_threadfn_adapter+0x29/0x50
[   12.552353]  kthread+0x179/0x1b0
[   12.553012]  ret_from_fork+0x22/0x30

[   12.554050] kfence-#106: 0xffff888136cd6000-0xffff888136cd601f, size=32, cache=kmalloc-32

[   12.555938] allocated by task 184 on cpu 1 at 12.544884s:
[   12.557039]  test_alloc+0x1fb/0x79c
[   12.557757]  test_use_after_free_read+0xd1/0x191
[   12.558689]  kunit_try_run_case+0x8e/0xc0
[   12.559494]  kunit_generic_run_threadfn_adapter+0x29/0x50
[   12.560599]  kthread+0x179/0x1b0
[   12.561270]  ret_from_fork+0x22/0x30

[   12.562306] freed by task 184 on cpu 1 at 12.544915s:
[   12.563317]  __kmem_cache_free+0x23b/0x280
[   12.564147]  test_use_after_free_read+0xf3/0x191
[   12.565105]  kunit_try_run_case+0x8e/0xc0
[   12.565908]  kunit_generic_run_threadfn_adapter+0x29/0x50
[   12.566986]  kthread+0x179/0x1b0
[   12.567643]  ret_from_fork+0x22/0x30

[   12.568686] CPU: 1 PID: 184 Comm: kunit_try_catch Tainted: G    B            N 6.0.0-rc3-next-20220831-00002-g6db6c886e5af #245
[   12.570917] Hardware name: QEMU Standard PC (i440FX + PIIX, 1996), BIOS rel-1.13.0-0-gf21b5a4aeb02-prebuilt.qemu.org 04/01/2014
[   12.573174] RIP: 0010:test_use_after_free_read+0x103/0x191
[   12.574268] Code: 89 43 b0 48 85 ff 74 0a 48 89 c6 e8 0c cc f2 fe eb 08 48 89 c7 e8 f2 9c e7 fe 4c 8b 73 b0 4c 89 f7 e8 06 0d f3 fe 48 8d 7d 80 <41> 8a 06 e8 aa 56 f3 fe 84 c0 75 3b 48 8d 8b 60 ff ff ff 45 31 c0
[   12.577910] RSP: 0000:ffffc9000160fde8 EFLAGS: 00010246
[   12.578963] RAX: 0000000000000000 RBX: ffffc9000160fea8 RCX: ffffffff825ee55a
[   12.580373] RDX: 1ffff11026d9ac00 RSI: 0000000000000008 RDI: ffffc9000160fe48
[   12.581771] RBP: ffffc9000160fec8 R08: 0000000000000001 R09: ffffffff84f27197
[   12.583190] R10: fffffbfff09e4e32 R11: 0000000000000001 R12: 1ffff920002c1fbd
[   12.584628] R13: ffffc90000647ab8 R14: ffff888136cd6000 R15: ffffc90000647ad0
[   12.586034] FS:  0000000000000000(0000) GS:ffff888014900000(0000) knlGS:0000000000000000
[   12.587623] CS:  0010 DS: 0000 ES: 0000 CR0: 0000000080050033
[   12.588761] CR2: ffff888136cd6000 CR3: 000000000360e001 CR4: 0000000000060ee0
[   12.590168] Call Trace:
[   12.590670]  <TASK>
[   12.591113]  ? test_double_free+0x1a0/0x1a0
[   12.591951]  ? sysvec_apic_timer_interrupt+0xa0/0xc0
[   12.592959]  ? preempt_count_add+0x7b/0xd0
[   12.593782]  ? _raw_spin_lock_irqsave+0x8d/0xf0
[   12.594701]  ? test_double_free+0x1a0/0x1a0
[   12.595555]  ? __kthread_parkme+0xd8/0xf0
[   12.596379]  ? kunit_try_run_case+0x47/0xc0
[   12.597218]  ? preempt_count_sub+0x18/0xc0
[   12.598044]  ? kunit_try_catch_throw+0x40/0x40
[   12.598942]  kunit_try_run_case+0x8e/0xc0
[   12.599765]  ? kunit_catch_run_case+0x70/0x70
[   12.600657]  ? kunit_try_catch_throw+0x40/0x40
[   12.601542]  kunit_generic_run_threadfn_adapter+0x29/0x50
[   12.602621]  kthread+0x179/0x1b0
[   12.603277]  ? kthread_complete_and_exit+0x20/0x20
[   12.604330]  ret_from_fork+0x22/0x30
[   12.605055]  </TASK>
[   12.605501] ==================================================================
[   12.607019]     ok 5 - test_use_after_free_read
[   12.607729]     # test_use_after_free_read-memcache: setup_test_cache: size=32, ctor=0x0
[   12.610909]     # test_use_after_free_read-memcache: test_alloc: size=32, gfp=cc0, policy=any, cache=1
[   12.648942] ==================================================================
[   12.650376] BUG: KFENCE: use-after-free read in test_use_after_free_read+0x103/0x191

[   12.652190] Use-after-free read at 0xffff888136cd8000 (in kfence-#107):
[   12.653506]  test_use_after_free_read+0x103/0x191
[   12.654438]  kunit_try_run_case+0x8e/0xc0
[   12.655240]  kunit_generic_run_threadfn_adapter+0x29/0x50
[   12.656319]  kthread+0x179/0x1b0
[   12.656971]  ret_from_fork+0x22/0x30

[   12.658003] kfence-#107: 0xffff888136cd8000-0xffff888136cd801f, size=32, cache=test

[   12.659770] allocated by task 185 on cpu 1 at 12.648888s:
[   12.660864]  test_alloc+0x1ee/0x79c
[   12.661579]  test_use_after_free_read+0xd1/0x191
[   12.662504]  kunit_try_run_case+0x8e/0xc0
[   12.663318]  kunit_generic_run_threadfn_adapter+0x29/0x50
[   12.664406]  kthread+0x179/0x1b0
[   12.665062]  ret_from_fork+0x22/0x30

[   12.666110] freed by task 185 on cpu 1 at 12.648918s:
[   12.667126]  test_use_after_free_read+0xe9/0x191
[   12.668049]  kunit_try_run_case+0x8e/0xc0
[   12.668892]  kunit_generic_run_threadfn_adapter+0x29/0x50
[   12.669977]  kthread+0x179/0x1b0
[   12.670634]  ret_from_fork+0x22/0x30

[   12.671688] CPU: 1 PID: 185 Comm: kunit_try_catch Tainted: G    B            N 6.0.0-rc3-next-20220831-00002-g6db6c886e5af #245
[   12.673948] Hardware name: QEMU Standard PC (i440FX + PIIX, 1996), BIOS rel-1.13.0-0-gf21b5a4aeb02-prebuilt.qemu.org 04/01/2014
[   12.676183] RIP: 0010:test_use_after_free_read+0x103/0x191
[   12.677286] Code: 89 43 b0 48 85 ff 74 0a 48 89 c6 e8 0c cc f2 fe eb 08 48 89 c7 e8 f2 9c e7 fe 4c 8b 73 b0 4c 89 f7 e8 06 0d f3 fe 48 8d 7d 80 <41> 8a 06 e8 aa 56 f3 fe 84 c0 75 3b 48 8d 8b 60 ff ff ff 45 31 c0
[   12.680917] RSP: 0000:ffffc9000161fde8 EFLAGS: 00010246
[   12.681944] RAX: 0000000000000000 RBX: ffffc9000161fea8 RCX: ffffffff825ee55a
[   12.683338] RDX: 1ffff11026d9b000 RSI: 0000000000000008 RDI: ffffc9000161fe48
[   12.684750] RBP: ffffc9000161fec8 R08: 0000000000000001 R09: ffffffff84f27197
[   12.686142] R10: fffffbfff09e4e32 R11: 0000000000000001 R12: 1ffff920002c3fbd
[   12.687556] R13: ffffc90000647ab8 R14: ffff888136cd8000 R15: ffffc90000647ad0
[   12.688965] FS:  0000000000000000(0000) GS:ffff888014900000(0000) knlGS:0000000000000000
[   12.690549] CS:  0010 DS: 0000 ES: 0000 CR0: 0000000080050033
[   12.691692] CR2: ffff888136cd8000 CR3: 000000000360e001 CR4: 0000000000060ee0
[   12.693126] Call Trace:
[   12.693638]  <TASK>
[   12.694073]  ? test_double_free+0x1a0/0x1a0
[   12.694924]  ? preempt_count_add+0x7b/0xd0
[   12.695748]  ? _raw_spin_lock_irqsave+0x8d/0xf0
[   12.696676]  ? test_double_free+0x1a0/0x1a0
[   12.697515]  ? __lock_text_start+0x8/0x8
[   12.698312]  ? set_cpus_allowed_ptr+0x7e/0xb0
[   12.699182]  ? preempt_count_sub+0x18/0xc0
[   12.700006]  ? kunit_try_catch_throw+0x40/0x40
[   12.700909]  kunit_try_run_case+0x8e/0xc0
[   12.701718]  ? kunit_catch_run_case+0x70/0x70
[   12.702600]  ? kunit_try_catch_throw+0x40/0x40
[   12.703494]  kunit_generic_run_threadfn_adapter+0x29/0x50
[   12.704576]  kthread+0x179/0x1b0
[   12.705235]  ? kthread_complete_and_exit+0x20/0x20
[   12.706194]  ret_from_fork+0x22/0x30
[   12.706928]  </TASK>
[   12.707374] ==================================================================
[   12.740854]     ok 6 - test_use_after_free_read-memcache
[   12.741638]     # test_double_free: test_alloc: size=32, gfp=cc0, policy=any, cache=0
[   12.752978] ==================================================================
[   12.754411] BUG: KFENCE: invalid free in __kmem_cache_free+0x23b/0x280

[   12.755992] Invalid free of 0xffff888136cdafe0 (in kfence-#108):
[   12.757192]  __kmem_cache_free+0x23b/0x280
[   12.758016]  test_double_free+0x113/0x1a0
[   12.758821]  kunit_try_run_case+0x8e/0xc0
[   12.759627]  kunit_generic_run_threadfn_adapter+0x29/0x50
[   12.760719]  kthread+0x179/0x1b0
[   12.761379]  ret_from_fork+0x22/0x30

[   12.762432] kfence-#108: 0xffff888136cdafe0-0xffff888136cdafff, size=32, cache=kmalloc-32

[   12.764321] allocated by task 186 on cpu 1 at 12.752884s:
[   12.765418]  test_alloc+0x1fb/0x79c
[   12.766123]  test_double_free+0xcf/0x1a0
[   12.766920]  kunit_try_run_case+0x8e/0xc0
[   12.767728]  kunit_generic_run_threadfn_adapter+0x29/0x50
[   12.768829]  kthread+0x179/0x1b0
[   12.769500]  ret_from_fork+0x22/0x30

[   12.770534] freed by task 186 on cpu 1 at 12.752927s:
[   12.771542]  __kmem_cache_free+0x23b/0x280
[   12.772380]  test_double_free+0xf1/0x1a0
[   12.773172]  kunit_try_run_case+0x8e/0xc0
[   12.773982]  kunit_generic_run_threadfn_adapter+0x29/0x50
[   12.775053]  kthread+0x179/0x1b0
[   12.775711]  ret_from_fork+0x22/0x30

[   12.776757] CPU: 1 PID: 186 Comm: kunit_try_catch Tainted: G    B            N 6.0.0-rc3-next-20220831-00002-g6db6c886e5af #245
[   12.778987] Hardware name: QEMU Standard PC (i440FX + PIIX, 1996), BIOS rel-1.13.0-0-gf21b5a4aeb02-prebuilt.qemu.org 04/01/2014
[   12.781220] ==================================================================
[   12.782874]     # test_double_free: EXPECTATION FAILED at mm/kfence/kfence_test.c:396
                   Expected report_matches(&expect) to be true, but is false
[   12.785916]     not ok 7 - test_double_free
[   12.786286]     # test_double_free-memcache: setup_test_cache: size=32, ctor=0x0
[   12.789257]     # test_double_free-memcache: test_alloc: size=32, gfp=cc0, policy=any, cache=1
[   12.856944] ==================================================================
[   12.858384] BUG: KFENCE: invalid free in test_double_free+0x109/0x1a0

[   12.859947] Invalid free of 0xffff888136cdc000 (in kfence-#109):
[   12.861170]  test_double_free+0x109/0x1a0
[   12.861976]  kunit_try_run_case+0x8e/0xc0
[   12.862802]  kunit_generic_run_threadfn_adapter+0x29/0x50
[   12.863886]  kthread+0x179/0x1b0
[   12.864554]  ret_from_fork+0x22/0x30

[   12.865594] kfence-#109: 0xffff888136cdc000-0xffff888136cdc01f, size=32, cache=test

[   12.867385] allocated by task 187 on cpu 1 at 12.856887s:
[   12.868463]  test_alloc+0x1ee/0x79c
[   12.869170]  test_double_free+0xcf/0x1a0
[   12.869966]  kunit_try_run_case+0x8e/0xc0
[   12.870779]  kunit_generic_run_threadfn_adapter+0x29/0x50
[   12.871854]  kthread+0x179/0x1b0
[   12.872541]  ret_from_fork+0x22/0x30

[   12.873586] freed by task 187 on cpu 1 at 12.856915s:
[   12.874590]  test_double_free+0xe7/0x1a0
[   12.875394]  kunit_try_run_case+0x8e/0xc0
[   12.876244]  kunit_generic_run_threadfn_adapter+0x29/0x50
[   12.877317]  kthread+0x179/0x1b0
[   12.877969]  ret_from_fork+0x22/0x30

[   12.879002] CPU: 1 PID: 187 Comm: kunit_try_catch Tainted: G    B            N 6.0.0-rc3-next-20220831-00002-g6db6c886e5af #245
[   12.881265] Hardware name: QEMU Standard PC (i440FX + PIIX, 1996), BIOS rel-1.13.0-0-gf21b5a4aeb02-prebuilt.qemu.org 04/01/2014
[   12.883504] ==================================================================
[   12.917862]     ok 8 - test_double_free-memcache
[   12.918628]     # test_invalid_addr_free: test_alloc: size=32, gfp=cc0, policy=any, cache=0
[   12.960979] ==================================================================
[   12.962412] BUG: KFENCE: invalid free in __kmem_cache_free+0x23b/0x280

[   12.963995] Invalid free of 0xffff888136cdefe1 (in kfence-#110):
[   12.965212]  __kmem_cache_free+0x23b/0x280
[   12.966041]  test_invalid_addr_free+0xfa/0x1a7
[   12.966936]  kunit_try_run_case+0x8e/0xc0
[   12.967746]  kunit_generic_run_threadfn_adapter+0x29/0x50
[   12.968829]  kthread+0x179/0x1b0
[   12.969485]  ret_from_fork+0x22/0x30

[   12.970529] kfence-#110: 0xffff888136cdefe0-0xffff888136cdefff, size=32, cache=kmalloc-32

[   12.972427] allocated by task 188 on cpu 1 at 12.960887s:
[   12.973514]  test_alloc+0x1fb/0x79c
[   12.974217]  test_invalid_addr_free+0xd1/0x1a7
[   12.975105]  kunit_try_run_case+0x8e/0xc0
[   12.975913]  kunit_generic_run_threadfn_adapter+0x29/0x50
[   12.977011]  kthread+0x179/0x1b0
[   12.977661]  ret_from_fork+0x22/0x30

[   12.978697] CPU: 1 PID: 188 Comm: kunit_try_catch Tainted: G    B            N 6.0.0-rc3-next-20220831-00002-g6db6c886e5af #245
[   12.980940] Hardware name: QEMU Standard PC (i440FX + PIIX, 1996), BIOS rel-1.13.0-0-gf21b5a4aeb02-prebuilt.qemu.org 04/01/2014
[   12.983176] ==================================================================
[   12.984872]     # test_invalid_addr_free: EXPECTATION FAILED at mm/kfence/kfence_test.c:413
                   Expected report_matches(&expect) to be true, but is false
[   12.988021]     not ok 9 - test_invalid_addr_free
[   12.988736]     # test_invalid_addr_free-memcache: setup_test_cache: size=32, ctor=0x0
[   12.991883]     # test_invalid_addr_free-memcache: test_alloc: size=32, gfp=cc0, policy=any, cache=1
[   13.064937] ==================================================================
[   13.066370] BUG: KFENCE: invalid free in test_invalid_addr_free+0xf0/0x1a7

[   13.068015] Invalid free of 0xffff888136ce0fe1 (in kfence-#111):
[   13.069216]  test_invalid_addr_free+0xf0/0x1a7
[   13.070102]  kunit_try_run_case+0x8e/0xc0
[   13.070903]  kunit_generic_run_threadfn_adapter+0x29/0x50
[   13.071983]  kthread+0x179/0x1b0
[   13.072643]  ret_from_fork+0x22/0x30

[   13.073680] kfence-#111: 0xffff888136ce0fe0-0xffff888136ce0fff, size=32, cache=test

[   13.075462] allocated by task 189 on cpu 1 at 13.064885s:
[   13.076558]  test_alloc+0x1ee/0x79c
[   13.077277]  test_invalid_addr_free+0xd1/0x1a7
[   13.078158]  kunit_try_run_case+0x8e/0xc0
[   13.078969]  kunit_generic_run_threadfn_adapter+0x29/0x50
[   13.080027]  kthread+0x179/0x1b0
[   13.080706]  ret_from_fork+0x22/0x30

[   13.081759] CPU: 1 PID: 189 Comm: kunit_try_catch Tainted: G    B            N 6.0.0-rc3-next-20220831-00002-g6db6c886e5af #245
[   13.084070] Hardware name: QEMU Standard PC (i440FX + PIIX, 1996), BIOS rel-1.13.0-0-gf21b5a4aeb02-prebuilt.qemu.org 04/01/2014
[   13.086333] ==================================================================
[   13.120934]     ok 10 - test_invalid_addr_free-memcache
[   13.121868]     # test_corruption: test_alloc: size=32, gfp=cc0, policy=left, cache=0
[   13.168947] ==================================================================
[   13.170381] BUG: KFENCE: memory corruption in __kmem_cache_free+0x23b/0x280

[   13.172049] Corrupted memory at 0xffff888136ce2020 [ 0x2a . . . . . . . . . . . . . . . ] (in kfence-#112):
[   13.174003]  __kmem_cache_free+0x23b/0x280
[   13.174825]  test_corruption+0x107/0x228
[   13.175613]  kunit_try_run_case+0x8e/0xc0
[   13.176428]  kunit_generic_run_threadfn_adapter+0x29/0x50
[   13.177496]  kthread+0x179/0x1b0
[   13.178146]  ret_from_fork+0x22/0x30

[   13.179181] kfence-#112: 0xffff888136ce2000-0xffff888136ce201f, size=32, cache=kmalloc-32

[   13.181088] allocated by task 190 on cpu 1 at 13.168885s:
[   13.182157]  test_alloc+0x1fb/0x79c
[   13.182860]  test_corruption+0xd4/0x228
[   13.183628]  kunit_try_run_case+0x8e/0xc0
[   13.184458]  kunit_generic_run_threadfn_adapter+0x29/0x50
[   13.185527]  kthread+0x179/0x1b0
[   13.186177]  ret_from_fork+0x22/0x30

[   13.187211] freed by task 190 on cpu 1 at 13.168916s:
[   13.188246]  __kmem_cache_free+0x23b/0x280
[   13.189065]  test_corruption+0x107/0x228
[   13.189852]  kunit_try_run_case+0x8e/0xc0
[   13.190657]  kunit_generic_run_threadfn_adapter+0x29/0x50
[   13.191726]  kthread+0x179/0x1b0
[   13.192403]  ret_from_fork+0x22/0x30

[   13.193440] CPU: 1 PID: 190 Comm: kunit_try_catch Tainted: G    B            N 6.0.0-rc3-next-20220831-00002-g6db6c886e5af #245
[   13.195670] Hardware name: QEMU Standard PC (i440FX + PIIX, 1996), BIOS rel-1.13.0-0-gf21b5a4aeb02-prebuilt.qemu.org 04/01/2014
[   13.197915] ==================================================================
[   13.199580]     # test_corruption: EXPECTATION FAILED at mm/kfence/kfence_test.c:433
                   Expected report_matches(&expect) to be true, but is false
[   13.202525]     # test_corruption: test_alloc: size=32, gfp=cc0, policy=right, cache=0
[   13.272957] ==================================================================
[   13.274389] BUG: KFENCE: memory corruption in __kmem_cache_free+0x23b/0x280

[   13.276055] Corrupted memory at 0xffff888136ce4fdf [ 0x2a ] (in kfence-#113):
[   13.277486]  __kmem_cache_free+0x23b/0x280
[   13.278327]  test_corruption+0x199/0x228
[   13.279128]  kunit_try_run_case+0x8e/0xc0
[   13.279933]  kunit_generic_run_threadfn_adapter+0x29/0x50
[   13.281019]  kthread+0x179/0x1b0
[   13.281687]  ret_from_fork+0x22/0x30

[   13.282725] kfence-#113: 0xffff888136ce4fe0-0xffff888136ce4fff, size=32, cache=kmalloc-32

[   13.284624] allocated by task 190 on cpu 1 at 13.272890s:
[   13.285710]  test_alloc+0x1fb/0x79c
[   13.286413]  test_corruption+0x166/0x228
[   13.287196]  kunit_try_run_case+0x8e/0xc0
[   13.287997]  kunit_generic_run_threadfn_adapter+0x29/0x50
[   13.289083]  kthread+0x179/0x1b0
[   13.289734]  ret_from_fork+0x22/0x30

[   13.290764] freed by task 190 on cpu 1 at 13.272922s:
[   13.291778]  __kmem_cache_free+0x23b/0x280
[   13.292635]  test_corruption+0x199/0x228
[   13.293418]  kunit_try_run_case+0x8e/0xc0
[   13.294220]  kunit_generic_run_threadfn_adapter+0x29/0x50
[   13.295289]  kthread+0x179/0x1b0
[   13.295944]  ret_from_fork+0x22/0x30

[   13.296984] CPU: 1 PID: 190 Comm: kunit_try_catch Tainted: G    B            N 6.0.0-rc3-next-20220831-00002-g6db6c886e5af #245
[   13.299212] Hardware name: QEMU Standard PC (i440FX + PIIX, 1996), BIOS rel-1.13.0-0-gf21b5a4aeb02-prebuilt.qemu.org 04/01/2014
[   13.301461] ==================================================================
[   13.303100]     # test_corruption: EXPECTATION FAILED at mm/kfence/kfence_test.c:439
                   Expected report_matches(&expect) to be true, but is false
[   13.306174]     not ok 11 - test_corruption
[   13.306687]     # test_corruption-memcache: setup_test_cache: size=32, ctor=0x0
[   13.309691]     # test_corruption-memcache: test_alloc: size=32, gfp=cc0, policy=left, cache=1
[   13.376927] ==================================================================
[   13.378360] BUG: KFENCE: memory corruption in test_corruption+0xfd/0x228

[   13.379971] Corrupted memory at 0xffff888136ce6020 [ 0x2a . . . . . . . . . . . . . . . ] (in kfence-#114):
[   13.381940]  test_corruption+0xfd/0x228
[   13.382717]  kunit_try_run_case+0x8e/0xc0
[   13.383521]  kunit_generic_run_threadfn_adapter+0x29/0x50
[   13.384622]  kthread+0x179/0x1b0
[   13.385290]  ret_from_fork+0x22/0x30

[   13.386334] kfence-#114: 0xffff888136ce6000-0xffff888136ce601f, size=32, cache=test

[   13.388124] allocated by task 191 on cpu 1 at 13.376879s:
[   13.389207]  test_alloc+0x1ee/0x79c
[   13.389919]  test_corruption+0xd4/0x228
[   13.390697]  kunit_try_run_case+0x8e/0xc0
[   13.391501]  kunit_generic_run_threadfn_adapter+0x29/0x50
[   13.392582]  kthread+0x179/0x1b0
[   13.393246]  ret_from_fork+0x22/0x30

[   13.394278] freed by task 191 on cpu 1 at 13.376917s:
[   13.395277]  test_corruption+0xfd/0x228
[   13.396044]  kunit_try_run_case+0x8e/0xc0
[   13.396872]  kunit_generic_run_threadfn_adapter+0x29/0x50
[   13.397949]  kthread+0x179/0x1b0
[   13.398617]  ret_from_fork+0x22/0x30

[   13.399665] CPU: 1 PID: 191 Comm: kunit_try_catch Tainted: G    B            N 6.0.0-rc3-next-20220831-00002-g6db6c886e5af #245
[   13.401918] Hardware name: QEMU Standard PC (i440FX + PIIX, 1996), BIOS rel-1.13.0-0-gf21b5a4aeb02-prebuilt.qemu.org 04/01/2014
[   13.404159] ==================================================================
[   13.405638]     # test_corruption-memcache: test_alloc: size=32, gfp=cc0, policy=right, cache=1
[   13.688967] ==================================================================
[   13.690393] BUG: KFENCE: memory corruption in test_corruption+0x18f/0x228

[   13.692023] Corrupted memory at 0xffff888136cecfdf [ 0x2a ] (in kfence-#117):
[   13.693455]  test_corruption+0x18f/0x228
[   13.694256]  kunit_try_run_case+0x8e/0xc0
[   13.695077]  kunit_generic_run_threadfn_adapter+0x29/0x50
[   13.696165]  kthread+0x179/0x1b0
[   13.696824]  ret_from_fork+0x22/0x30

[   13.697881] kfence-#117: 0xffff888136cecfe0-0xffff888136cecfff, size=32, cache=test

[   13.699680] allocated by task 191 on cpu 1 at 13.688886s:
[   13.700780]  test_alloc+0x1ee/0x79c
[   13.701502]  test_corruption+0x166/0x228
[   13.702299]  kunit_try_run_case+0x8e/0xc0
[   13.703119]  kunit_generic_run_threadfn_adapter+0x29/0x50
[   13.704194]  kthread+0x179/0x1b0
[   13.704859]  ret_from_fork+0x22/0x30

[   13.705906] freed by task 191 on cpu 1 at 13.688941s:
[   13.706917]  test_corruption+0x18f/0x228
[   13.707714]  kunit_try_run_case+0x8e/0xc0
[   13.708549]  kunit_generic_run_threadfn_adapter+0x29/0x50
[   13.709625]  kthread+0x179/0x1b0
[   13.710283]  ret_from_fork+0x22/0x30

[   13.711321] CPU: 1 PID: 191 Comm: kunit_try_catch Tainted: G    B            N 6.0.0-rc3-next-20220831-00002-g6db6c886e5af #245
[   13.713599] Hardware name: QEMU Standard PC (i440FX + PIIX, 1996), BIOS rel-1.13.0-0-gf21b5a4aeb02-prebuilt.qemu.org 04/01/2014
[   13.715854] ==================================================================
